// Jest Snapshot v1, https://goo.gl/fbAQLP

exports[`importing a body imports properly 1`] = `
Object {
  "__v": 0,
  "contactEmail": "andreas.schreiber@kreis-lup.de",
  "contactName": "Andreas Schreiber",
  "created": 2004-01-01T11:00:00.000Z,
  "equivalent": Array [],
  "externalId": "https://oparl.politik-bei-uns.de/body/5a73013af24bb7ed5127a72a",
  "keyword": Array [],
  "legislativeTerm": Array [],
  "meeting": Array [
    "https://oparl.politik-bei-uns.de/meeting/5a730150f24bb7ed5127d6eb",
    "https://oparl.politik-bei-uns.de/meeting/5a730152f24bb7ed5127d753",
    "https://oparl.politik-bei-uns.de/meeting/5a730153f24bb7ed5127d7c1",
    "https://oparl.politik-bei-uns.de/meeting/5a730154f24bb7ed5127d87d",
    "https://oparl.politik-bei-uns.de/meeting/5a730155f24bb7ed5127d8f8",
    "https://oparl.politik-bei-uns.de/meeting/5a730156f24bb7ed5127d992",
    "https://oparl.politik-bei-uns.de/meeting/5a730157f24bb7ed5127d9c9",
    "https://oparl.politik-bei-uns.de/meeting/5a730158f24bb7ed5127da41",
    "https://oparl.politik-bei-uns.de/meeting/5a730159f24bb7ed5127daac",
    "https://oparl.politik-bei-uns.de/meeting/5a73015af24bb7ed5127dafe",
    "https://oparl.politik-bei-uns.de/meeting/5a73015bf24bb7ed5127db97",
    "https://oparl.politik-bei-uns.de/meeting/5a73015cf24bb7ed5127dbd5",
    "https://oparl.politik-bei-uns.de/meeting/5a73015cf24bb7ed5127dc60",
    "https://oparl.politik-bei-uns.de/meeting/5a73015df24bb7ed5127dce4",
    "https://oparl.politik-bei-uns.de/meeting/5a73015ff24bb7ed5127de27",
    "https://oparl.politik-bei-uns.de/meeting/5a730160f24bb7ed5127de9c",
    "https://oparl.politik-bei-uns.de/meeting/5a730161f24bb7ed5127dfd8",
    "https://oparl.politik-bei-uns.de/meeting/5a730162f24bb7ed5127e0ce",
    "https://oparl.politik-bei-uns.de/meeting/5a730164f24bb7ed5127e250",
    "https://oparl.politik-bei-uns.de/meeting/5a730165f24bb7ed5127e2c3",
    "https://oparl.politik-bei-uns.de/meeting/5a730167f24bb7ed5127e3c4",
    "https://oparl.politik-bei-uns.de/meeting/5a730168f24bb7ed5127e41d",
    "https://oparl.politik-bei-uns.de/meeting/5a730169f24bb7ed5127e4e3",
    "https://oparl.politik-bei-uns.de/meeting/5a73016bf24bb7ed5127e5a5",
    "https://oparl.politik-bei-uns.de/meeting/5a73016cf24bb7ed5127e614",
    "https://oparl.politik-bei-uns.de/meeting/5a73016df24bb7ed5127e692",
    "https://oparl.politik-bei-uns.de/meeting/5a73016ef24bb7ed5127e75b",
    "https://oparl.politik-bei-uns.de/meeting/5a73016ff24bb7ed5127e7fa",
    "https://oparl.politik-bei-uns.de/meeting/5a730171f24bb7ed5127e8a5",
    "https://oparl.politik-bei-uns.de/meeting/5a730172f24bb7ed5127e925",
    "https://oparl.politik-bei-uns.de/meeting/5a730173f24bb7ed5127e982",
    "https://oparl.politik-bei-uns.de/meeting/5a730175f24bb7ed5127ea67",
    "https://oparl.politik-bei-uns.de/meeting/5a730175f24bb7ed5127eac8",
    "https://oparl.politik-bei-uns.de/meeting/5a730176f24bb7ed5127eb86",
    "https://oparl.politik-bei-uns.de/meeting/5a730177f24bb7ed5127ec4f",
    "https://oparl.politik-bei-uns.de/meeting/5a730179f24bb7ed5127ece8",
    "https://oparl.politik-bei-uns.de/meeting/5a73017af24bb7ed5127ed93",
    "https://oparl.politik-bei-uns.de/meeting/5a73017bf24bb7ed5127ee0a",
    "https://oparl.politik-bei-uns.de/meeting/5a73017ef24bb7ed5127f006",
    "https://oparl.politik-bei-uns.de/meeting/5a73017ff24bb7ed5127f0d7",
    "https://oparl.politik-bei-uns.de/meeting/5a730181f24bb7ed5127f194",
    "https://oparl.politik-bei-uns.de/meeting/5a730182f24bb7ed5127f224",
    "https://oparl.politik-bei-uns.de/meeting/5a730183f24bb7ed5127f29f",
    "https://oparl.politik-bei-uns.de/meeting/5a730183f24bb7ed5127f330",
    "https://oparl.politik-bei-uns.de/meeting/5a730185f24bb7ed5127f427",
    "https://oparl.politik-bei-uns.de/meeting/5a730186f24bb7ed5127f4ac",
    "https://oparl.politik-bei-uns.de/meeting/5a730188f24bb7ed5127f567",
    "https://oparl.politik-bei-uns.de/meeting/5a73018af24bb7ed5127f682",
    "https://oparl.politik-bei-uns.de/meeting/5a73018cf24bb7ed5127f80c",
    "https://oparl.politik-bei-uns.de/meeting/5a73018ef24bb7ed5127f876",
    "https://oparl.politik-bei-uns.de/meeting/5a73018ff24bb7ed5127f90b",
    "https://oparl.politik-bei-uns.de/meeting/5a730190f24bb7ed5127f988",
    "https://oparl.politik-bei-uns.de/meeting/5a730191f24bb7ed5127fa48",
    "https://oparl.politik-bei-uns.de/meeting/5a730192f24bb7ed5127fb2c",
    "https://oparl.politik-bei-uns.de/meeting/5a730193f24bb7ed5127fb98",
    "https://oparl.politik-bei-uns.de/meeting/5a730195f24bb7ed5127fc8b",
    "https://oparl.politik-bei-uns.de/meeting/5a730196f24bb7ed5127fd2b",
    "https://oparl.politik-bei-uns.de/meeting/5a730196f24bb7ed5127fda8",
    "https://oparl.politik-bei-uns.de/meeting/5a730198f24bb7ed5127fe11",
    "https://oparl.politik-bei-uns.de/meeting/5a730199f24bb7ed5127fea5",
    "https://oparl.politik-bei-uns.de/meeting/5a73019af24bb7ed5127ff04",
    "https://oparl.politik-bei-uns.de/meeting/5a73019bf24bb7ed5127ff83",
    "https://oparl.politik-bei-uns.de/meeting/5a73019cf24bb7ed5127ffe0",
    "https://oparl.politik-bei-uns.de/meeting/5a73019df24bb7ed5128004d",
    "https://oparl.politik-bei-uns.de/meeting/5a73019ef24bb7ed5128012c",
    "https://oparl.politik-bei-uns.de/meeting/5a73019ff24bb7ed512801c2",
    "https://oparl.politik-bei-uns.de/meeting/5a7301a0f24bb7ed51280220",
    "https://oparl.politik-bei-uns.de/meeting/5a7301a1f24bb7ed51280310",
    "https://oparl.politik-bei-uns.de/meeting/5a7301a2f24bb7ed51280360",
    "https://oparl.politik-bei-uns.de/meeting/5a7301a4f24bb7ed51280420",
    "https://oparl.politik-bei-uns.de/meeting/5a7301a5f24bb7ed512804f8",
    "https://oparl.politik-bei-uns.de/meeting/5a7301a6f24bb7ed512805d1",
    "https://oparl.politik-bei-uns.de/meeting/5a7301a8f24bb7ed512806d3",
    "https://oparl.politik-bei-uns.de/meeting/5a7301a9f24bb7ed51280783",
    "https://oparl.politik-bei-uns.de/meeting/5a7301aaf24bb7ed51280832",
    "https://oparl.politik-bei-uns.de/meeting/5a7301abf24bb7ed5128090d",
    "https://oparl.politik-bei-uns.de/meeting/5a7301adf24bb7ed512809a9",
    "https://oparl.politik-bei-uns.de/meeting/5a7301aef24bb7ed51280a56",
    "https://oparl.politik-bei-uns.de/meeting/5a7301b1f24bb7ed51280bb7",
    "https://oparl.politik-bei-uns.de/meeting/5a7301b3f24bb7ed51280d03",
    "https://oparl.politik-bei-uns.de/meeting/5a7301e3f24bb7ed51282955",
    "https://oparl.politik-bei-uns.de/meeting/5a7301e4f24bb7ed512829be",
    "https://oparl.politik-bei-uns.de/meeting/5a7301e5f24bb7ed51282a5f",
    "https://oparl.politik-bei-uns.de/meeting/5a7301e6f24bb7ed51282b0b",
    "https://oparl.politik-bei-uns.de/meeting/5a7301e7f24bb7ed51282b8d",
    "https://oparl.politik-bei-uns.de/meeting/5a7301e9f24bb7ed51282c1f",
    "https://oparl.politik-bei-uns.de/meeting/5a7301eaf24bb7ed51282ca8",
    "https://oparl.politik-bei-uns.de/meeting/5a7301edf24bb7ed51282e69",
    "https://oparl.politik-bei-uns.de/meeting/5a7301eef24bb7ed51282efe",
    "https://oparl.politik-bei-uns.de/meeting/5a7301eff24bb7ed51282fe2",
    "https://oparl.politik-bei-uns.de/meeting/5a7301f0f24bb7ed512830b0",
    "https://oparl.politik-bei-uns.de/meeting/5a7301f1f24bb7ed51283161",
    "https://oparl.politik-bei-uns.de/meeting/5a7301f2f24bb7ed512831d0",
    "https://oparl.politik-bei-uns.de/meeting/5a7301f3f24bb7ed51283221",
    "https://oparl.politik-bei-uns.de/meeting/5a7301f4f24bb7ed512832c0",
    "https://oparl.politik-bei-uns.de/meeting/5a7301f5f24bb7ed51283365",
    "https://oparl.politik-bei-uns.de/meeting/5a7301f6f24bb7ed512833b1",
    "https://oparl.politik-bei-uns.de/meeting/5a7301f7f24bb7ed5128349f",
    "https://oparl.politik-bei-uns.de/meeting/5a7301f8f24bb7ed51283556",
    "https://oparl.politik-bei-uns.de/meeting/5a7301f9f24bb7ed5128362d",
  ],
  "modified": 2018-12-18T16:30:48.000Z,
  "name": "Landkreis Ludwigslust-Parchim",
  "organization": Array [
    "https://oparl.politik-bei-uns.de/organization/5a73013bf24bb7ed5127a7df",
  ],
  "paper": Array [
    "https://oparl.politik-bei-uns.de/paper/5a730352f24bb7ed5128ee14",
    "https://oparl.politik-bei-uns.de/paper/5a730352f24bb7ed5128ee17",
    "https://oparl.politik-bei-uns.de/paper/5a730352f24bb7ed5128ee1b",
    "https://oparl.politik-bei-uns.de/paper/5a730352f24bb7ed5128ee1e",
    "https://oparl.politik-bei-uns.de/paper/5a730352f24bb7ed5128ee3e",
    "https://oparl.politik-bei-uns.de/paper/5a730353f24bb7ed5128ee8e",
    "https://oparl.politik-bei-uns.de/paper/5a730353f24bb7ed5128eeac",
    "https://oparl.politik-bei-uns.de/paper/5a730353f24bb7ed5128eeaf",
    "https://oparl.politik-bei-uns.de/paper/5a730354f24bb7ed5128eeec",
    "https://oparl.politik-bei-uns.de/paper/5a730354f24bb7ed5128ef42",
    "https://oparl.politik-bei-uns.de/paper/5a730355f24bb7ed5128ef71",
    "https://oparl.politik-bei-uns.de/paper/5a730355f24bb7ed5128ef8b",
    "https://oparl.politik-bei-uns.de/paper/5a730356f24bb7ed5128efaa",
    "https://oparl.politik-bei-uns.de/paper/5a730356f24bb7ed5128eff0",
    "https://oparl.politik-bei-uns.de/paper/5a730357f24bb7ed5128f033",
    "https://oparl.politik-bei-uns.de/paper/5a730357f24bb7ed5128f068",
    "https://oparl.politik-bei-uns.de/paper/5a730358f24bb7ed5128f087",
    "https://oparl.politik-bei-uns.de/paper/5a730358f24bb7ed5128f0cd",
    "https://oparl.politik-bei-uns.de/paper/5a730359f24bb7ed5128f0e3",
    "https://oparl.politik-bei-uns.de/paper/5a730359f24bb7ed5128f0fb",
    "https://oparl.politik-bei-uns.de/paper/5a730359f24bb7ed5128f11b",
    "https://oparl.politik-bei-uns.de/paper/5a73035af24bb7ed5128f134",
    "https://oparl.politik-bei-uns.de/paper/5a73035af24bb7ed5128f14b",
    "https://oparl.politik-bei-uns.de/paper/5a73035bf24bb7ed5128f1a9",
    "https://oparl.politik-bei-uns.de/paper/5a73035bf24bb7ed5128f1ed",
    "https://oparl.politik-bei-uns.de/paper/5a73035cf24bb7ed5128f207",
    "https://oparl.politik-bei-uns.de/paper/5a73035cf24bb7ed5128f21b",
    "https://oparl.politik-bei-uns.de/paper/5a73035df24bb7ed5128f232",
    "https://oparl.politik-bei-uns.de/paper/5a73035df24bb7ed5128f280",
    "https://oparl.politik-bei-uns.de/paper/5a73035ef24bb7ed5128f2d5",
    "https://oparl.politik-bei-uns.de/paper/5a73035ef24bb7ed5128f329",
    "https://oparl.politik-bei-uns.de/paper/5a73035ff24bb7ed5128f341",
    "https://oparl.politik-bei-uns.de/paper/5a730360f24bb7ed5128f39e",
    "https://oparl.politik-bei-uns.de/paper/5a730360f24bb7ed5128f3c1",
    "https://oparl.politik-bei-uns.de/paper/5a730361f24bb7ed5128f3fb",
    "https://oparl.politik-bei-uns.de/paper/5a730361f24bb7ed5128f440",
    "https://oparl.politik-bei-uns.de/paper/5a730362f24bb7ed5128f45c",
    "https://oparl.politik-bei-uns.de/paper/5a730362f24bb7ed5128f4a5",
    "https://oparl.politik-bei-uns.de/paper/5a730362f24bb7ed5128f4c0",
    "https://oparl.politik-bei-uns.de/paper/5a730363f24bb7ed5128f4f7",
    "https://oparl.politik-bei-uns.de/paper/5a730364f24bb7ed5128f545",
    "https://oparl.politik-bei-uns.de/paper/5a730364f24bb7ed5128f548",
    "https://oparl.politik-bei-uns.de/paper/5a730364f24bb7ed5128f54b",
    "https://oparl.politik-bei-uns.de/paper/5a730364f24bb7ed5128f562",
    "https://oparl.politik-bei-uns.de/paper/5a730365f24bb7ed5128f5b0",
    "https://oparl.politik-bei-uns.de/paper/5a730365f24bb7ed5128f5cb",
    "https://oparl.politik-bei-uns.de/paper/5a730366f24bb7ed5128f5f7",
    "https://oparl.politik-bei-uns.de/paper/5a730366f24bb7ed5128f637",
    "https://oparl.politik-bei-uns.de/paper/5a730367f24bb7ed5128f64e",
    "https://oparl.politik-bei-uns.de/paper/5a730367f24bb7ed5128f66b",
    "https://oparl.politik-bei-uns.de/paper/5a730368f24bb7ed5128f6aa",
    "https://oparl.politik-bei-uns.de/paper/5a730368f24bb7ed5128f6e5",
    "https://oparl.politik-bei-uns.de/paper/5a730369f24bb7ed5128f789",
    "https://oparl.politik-bei-uns.de/paper/5a73036af24bb7ed5128f7a5",
    "https://oparl.politik-bei-uns.de/paper/5a73036af24bb7ed5128f7d8",
    "https://oparl.politik-bei-uns.de/paper/5a73036bf24bb7ed5128f7f5",
    "https://oparl.politik-bei-uns.de/paper/5a73036bf24bb7ed5128f81e",
    "https://oparl.politik-bei-uns.de/paper/5a73036cf24bb7ed5128f83c",
    "https://oparl.politik-bei-uns.de/paper/5a73036cf24bb7ed5128f867",
    "https://oparl.politik-bei-uns.de/paper/5a73036df24bb7ed5128f8db",
    "https://oparl.politik-bei-uns.de/paper/5a73036ef24bb7ed5128f904",
    "https://oparl.politik-bei-uns.de/paper/5a73036ef24bb7ed5128f940",
    "https://oparl.politik-bei-uns.de/paper/5a73036ff24bb7ed5128f98a",
    "https://oparl.politik-bei-uns.de/paper/5a73036ff24bb7ed5128f9ac",
    "https://oparl.politik-bei-uns.de/paper/5a730370f24bb7ed5128f9d7",
    "https://oparl.politik-bei-uns.de/paper/5a730370f24bb7ed5128fa05",
    "https://oparl.politik-bei-uns.de/paper/5a730371f24bb7ed5128fa4d",
    "https://oparl.politik-bei-uns.de/paper/5a730372f24bb7ed5128fa7a",
    "https://oparl.politik-bei-uns.de/paper/5a730372f24bb7ed5128fac4",
    "https://oparl.politik-bei-uns.de/paper/5a730373f24bb7ed5128faf9",
    "https://oparl.politik-bei-uns.de/paper/5a730373f24bb7ed5128fb1a",
    "https://oparl.politik-bei-uns.de/paper/5a730373f24bb7ed5128fb32",
    "https://oparl.politik-bei-uns.de/paper/5a730374f24bb7ed5128fb59",
    "https://oparl.politik-bei-uns.de/paper/5a730375f24bb7ed5128fb78",
    "https://oparl.politik-bei-uns.de/paper/5a730375f24bb7ed5128fbd5",
    "https://oparl.politik-bei-uns.de/paper/5a730375f24bb7ed5128fbec",
    "https://oparl.politik-bei-uns.de/paper/5a730376f24bb7ed5128fc05",
    "https://oparl.politik-bei-uns.de/paper/5a730376f24bb7ed5128fc2f",
    "https://oparl.politik-bei-uns.de/paper/5a730377f24bb7ed5128fc32",
    "https://oparl.politik-bei-uns.de/paper/5a730377f24bb7ed5128fc48",
    "https://oparl.politik-bei-uns.de/paper/5a730377f24bb7ed5128fc83",
    "https://oparl.politik-bei-uns.de/paper/5a730378f24bb7ed5128fca4",
    "https://oparl.politik-bei-uns.de/paper/5a730378f24bb7ed5128fccc",
    "https://oparl.politik-bei-uns.de/paper/5a730379f24bb7ed5128fce4",
    "https://oparl.politik-bei-uns.de/paper/5a730379f24bb7ed5128fd01",
    "https://oparl.politik-bei-uns.de/paper/5a73037af24bb7ed5128fd2e",
    "https://oparl.politik-bei-uns.de/paper/5a73037af24bb7ed5128fd85",
    "https://oparl.politik-bei-uns.de/paper/5a73037af24bb7ed5128fd88",
    "https://oparl.politik-bei-uns.de/paper/5a73037bf24bb7ed5128fda5",
    "https://oparl.politik-bei-uns.de/paper/5a73037bf24bb7ed5128fdc2",
    "https://oparl.politik-bei-uns.de/paper/5a73037cf24bb7ed5128fdd9",
    "https://oparl.politik-bei-uns.de/paper/5a73037cf24bb7ed5128fe29",
    "https://oparl.politik-bei-uns.de/paper/5a73037df24bb7ed5128fe60",
    "https://oparl.politik-bei-uns.de/paper/5a73037df24bb7ed5128fe7a",
    "https://oparl.politik-bei-uns.de/paper/5a73037df24bb7ed5128fead",
    "https://oparl.politik-bei-uns.de/paper/5a73037ef24bb7ed5128fec5",
    "https://oparl.politik-bei-uns.de/paper/5a73037ff24bb7ed5128fef9",
    "https://oparl.politik-bei-uns.de/paper/5a73037ff24bb7ed5128ff2c",
    "https://oparl.politik-bei-uns.de/paper/5a730380f24bb7ed5128ff5f",
    "https://oparl.politik-bei-uns.de/paper/5a730380f24bb7ed5128ffbf",
  ],
  "person": Array [
    "https://oparl.politik-bei-uns.de/person/5a730142f24bb7ed5127b909",
    "https://oparl.politik-bei-uns.de/person/5a730143f24bb7ed5127b9ac",
    "https://oparl.politik-bei-uns.de/person/5a730144f24bb7ed5127bbfe",
    "https://oparl.politik-bei-uns.de/person/5a730145f24bb7ed5127bea8",
    "https://oparl.politik-bei-uns.de/person/5a730147f24bb7ed5127c40b",
    "https://oparl.politik-bei-uns.de/person/5a730148f24bb7ed5127c6d1",
    "https://oparl.politik-bei-uns.de/person/5a73014af24bb7ed5127c8fd",
    "https://oparl.politik-bei-uns.de/person/5a73014af24bb7ed5127c903",
    "https://oparl.politik-bei-uns.de/person/5a73014af24bb7ed5127c950",
    "https://oparl.politik-bei-uns.de/person/5a73014bf24bb7ed5127cb4b",
    "https://oparl.politik-bei-uns.de/person/5a73014bf24bb7ed5127cbf5",
    "https://oparl.politik-bei-uns.de/person/5a73014bf24bb7ed5127cc3d",
    "https://oparl.politik-bei-uns.de/person/5a73014cf24bb7ed5127ce93",
    "https://oparl.politik-bei-uns.de/person/5a73014df24bb7ed5127d0d3",
  ],
  "rgs": "130760000000",
  "type": "https://schema.oparl.org/1.0/Body",
}
`;
