// Jest Snapshot v1, https://goo.gl/fbAQLP

exports[`importing a body imports properly for 1.0 1`] = `
Object {
  "__v": 0,
  "agendaItem": Array [
    "https://oparl.politik-bei-uns.de/agenda_item/5a730188f24bb7ed5127f5d2",
    "https://oparl.politik-bei-uns.de/agenda_item/5a730188f24bb7ed5127f5d8",
    "https://oparl.politik-bei-uns.de/agenda_item/5a730188f24bb7ed5127f5de",
    "https://oparl.politik-bei-uns.de/agenda_item/5a730188f24bb7ed5127f5e4",
    "https://oparl.politik-bei-uns.de/agenda_item/5a730188f24bb7ed5127f5e6",
    "https://oparl.politik-bei-uns.de/agenda_item/5a730189f24bb7ed5127f5e9",
    "https://oparl.politik-bei-uns.de/agenda_item/5a730189f24bb7ed5127f5eb",
    "https://oparl.politik-bei-uns.de/agenda_item/5a730189f24bb7ed5127f605",
    "https://oparl.politik-bei-uns.de/agenda_item/5a730189f24bb7ed5127f60a",
    "https://oparl.politik-bei-uns.de/agenda_item/5a730189f24bb7ed5127f610",
    "https://oparl.politik-bei-uns.de/agenda_item/5a730189f24bb7ed5127f616",
    "https://oparl.politik-bei-uns.de/agenda_item/5a730189f24bb7ed5127f61c",
    "https://oparl.politik-bei-uns.de/agenda_item/5a730189f24bb7ed5127f624",
    "https://oparl.politik-bei-uns.de/agenda_item/5a730189f24bb7ed5127f628",
    "https://oparl.politik-bei-uns.de/agenda_item/5a730189f24bb7ed5127f62e",
    "https://oparl.politik-bei-uns.de/agenda_item/5a730189f24bb7ed5127f652",
    "https://oparl.politik-bei-uns.de/agenda_item/5a730189f24bb7ed5127f673",
    "https://oparl.politik-bei-uns.de/agenda_item/5a730189f24bb7ed5127f679",
    "https://oparl.politik-bei-uns.de/agenda_item/5a73018af24bb7ed5127f67c",
    "https://oparl.politik-bei-uns.de/agenda_item/5a73018af24bb7ed5127f680",
    "https://oparl.politik-bei-uns.de/agenda_item/5a73019bf24bb7ed5127ffc8",
    "https://oparl.politik-bei-uns.de/agenda_item/5a73019bf24bb7ed5127ffcb",
    "https://oparl.politik-bei-uns.de/agenda_item/5a73019cf24bb7ed5127ffce",
    "https://oparl.politik-bei-uns.de/agenda_item/5a73019cf24bb7ed5127ffd2",
    "https://oparl.politik-bei-uns.de/agenda_item/5a73019cf24bb7ed5127ffda",
    "https://oparl.politik-bei-uns.de/agenda_item/5a73019cf24bb7ed5127ffde",
  ],
  "consultation": Array [
    "https://oparl.politik-bei-uns.de/consultation/5a730174f24bb7ed5127e9e2",
    "https://oparl.politik-bei-uns.de/consultation/5a73017cf24bb7ed5127ee99",
    "https://oparl.politik-bei-uns.de/consultation/5a730372f24bb7ed5128faea",
    "https://oparl.politik-bei-uns.de/consultation/5a730372f24bb7ed5128faee",
    "https://oparl.politik-bei-uns.de/consultation/5a730372f24bb7ed5128faf2",
    "https://oparl.politik-bei-uns.de/consultation/5a730373f24bb7ed5128faf5",
    "https://oparl.politik-bei-uns.de/consultation/5a730176f24bb7ed5127eaf2",
    "https://oparl.politik-bei-uns.de/consultation/5a730180f24bb7ed5127f14f",
    "https://oparl.politik-bei-uns.de/consultation/5a730378f24bb7ed5128fcc1",
    "https://oparl.politik-bei-uns.de/consultation/5a730378f24bb7ed5128fcc4",
    "https://oparl.politik-bei-uns.de/consultation/5a730378f24bb7ed5128fcc8",
    "https://oparl.politik-bei-uns.de/consultation/5a730196f24bb7ed5127fd1f",
    "https://oparl.politik-bei-uns.de/consultation/5a730379f24bb7ed5128fce0",
    "https://oparl.politik-bei-uns.de/consultation/5a730176f24bb7ed5127eaeb",
    "https://oparl.politik-bei-uns.de/consultation/5a730180f24bb7ed5127f13c",
    "https://oparl.politik-bei-uns.de/consultation/5a73037af24bb7ed5128fd1b",
    "https://oparl.politik-bei-uns.de/consultation/5a73037af24bb7ed5128fd1e",
    "https://oparl.politik-bei-uns.de/consultation/5a73037af24bb7ed5128fd22",
    "https://oparl.politik-bei-uns.de/consultation/5a73016cf24bb7ed5127e5ff",
    "https://oparl.politik-bei-uns.de/consultation/5a73037af24bb7ed5128fd7e",
    "https://oparl.politik-bei-uns.de/consultation/5a73037af24bb7ed5128fd82",
    "https://oparl.politik-bei-uns.de/consultation/5a730180f24bb7ed5127f10d",
    "https://oparl.politik-bei-uns.de/consultation/5a73037bf24bb7ed5128fd9e",
    "https://oparl.politik-bei-uns.de/consultation/5a73037bf24bb7ed5128fda1",
    "https://oparl.politik-bei-uns.de/consultation/5a730180f24bb7ed5127f0f9",
    "https://oparl.politik-bei-uns.de/consultation/5a73037bf24bb7ed5128fdbf",
    "https://oparl.politik-bei-uns.de/consultation/5a730180f24bb7ed5127f147",
    "https://oparl.politik-bei-uns.de/consultation/5a73037cf24bb7ed5128fdd6",
    "https://oparl.politik-bei-uns.de/consultation/5a730189f24bb7ed5127f666",
    "https://oparl.politik-bei-uns.de/consultation/5a730189f24bb7ed5127f676",
    "https://oparl.politik-bei-uns.de/consultation/5a73037df24bb7ed5128fe5c",
    "https://oparl.politik-bei-uns.de/consultation/5a73037df24bb7ed5128fe75",
  ],
  "contactEmail": "andreas.schreiber@kreis-lup.de",
  "contactName": "Andreas Schreiber",
  "created": 2004-01-01T11:00:00.000Z,
  "equivalent": Array [],
  "externalId": "https://oparl.politik-bei-uns.de/body/5a73013af24bb7ed5127a72a",
  "file": Array [
    "https://oparl.politik-bei-uns.de/file/5a730188f24bb7ed5127f572",
    "https://oparl.politik-bei-uns.de/file/5a730372f24bb7ed5128fad8",
    "https://oparl.politik-bei-uns.de/file/5a73037af24bb7ed5128fd0b",
    "https://oparl.politik-bei-uns.de/file/5a730378f24bb7ed5128fcad",
    "https://oparl.politik-bei-uns.de/file/5a730379f24bb7ed5128fcd5",
    "https://oparl.politik-bei-uns.de/file/5a73019bf24bb7ed5127ff90",
    "https://oparl.politik-bei-uns.de/file/5a73019bf24bb7ed5127ff99",
    "https://oparl.politik-bei-uns.de/file/5a73037cf24bb7ed5128fdcb",
    "https://oparl.politik-bei-uns.de/file/5a73037bf24bb7ed5128fdb0",
    "https://oparl.politik-bei-uns.de/file/5a73037cf24bb7ed5128fe3d",
    "https://oparl.politik-bei-uns.de/file/5a73037df24bb7ed5128fe69",
    "https://oparl.politik-bei-uns.de/file/5a73037af24bb7ed5128fd5e",
    "https://oparl.politik-bei-uns.de/file/5a73037bf24bb7ed5128fd92",
  ],
  "keyword": Array [],
  "legislativeTerm": Array [],
  "legislativeTermList": Array [],
  "locationList": Array [
    "https://oparl.politik-bei-uns.de/location/5a73019bf24bb7ed5127ff88",
  ],
  "meeting": Array [
    "https://oparl.politik-bei-uns.de/meeting/5a73018af24bb7ed5127f682",
    "https://oparl.politik-bei-uns.de/meeting/5a73019cf24bb7ed5127ffe0",
  ],
  "membership": Array [
    "https://oparl.politik-bei-uns.de/membership/5a73013ef24bb7ed5127aeed",
    "https://oparl.politik-bei-uns.de/membership/5a730148f24bb7ed5127c6c6",
    "https://oparl.politik-bei-uns.de/membership/5a73013ff24bb7ed5127b1c0",
  ],
  "modified": 2018-12-18T16:30:48.000Z,
  "name": "Landkreis Ludwigslust-Parchim",
  "organization": Array [],
  "paper": Array [
    "https://oparl.politik-bei-uns.de/paper/5a730373f24bb7ed5128faf9",
    "https://oparl.politik-bei-uns.de/paper/5a730378f24bb7ed5128fccc",
    "https://oparl.politik-bei-uns.de/paper/5a730379f24bb7ed5128fce4",
    "https://oparl.politik-bei-uns.de/paper/5a73037af24bb7ed5128fd2e",
    "https://oparl.politik-bei-uns.de/paper/5a73037af24bb7ed5128fd85",
    "https://oparl.politik-bei-uns.de/paper/5a73037af24bb7ed5128fd88",
    "https://oparl.politik-bei-uns.de/paper/5a73037bf24bb7ed5128fda5",
    "https://oparl.politik-bei-uns.de/paper/5a73037bf24bb7ed5128fdc2",
    "https://oparl.politik-bei-uns.de/paper/5a73037cf24bb7ed5128fdd9",
    "https://oparl.politik-bei-uns.de/paper/5a73037df24bb7ed5128fe60",
    "https://oparl.politik-bei-uns.de/paper/5a73037df24bb7ed5128fe7a",
  ],
  "person": Array [
    "https://oparl.politik-bei-uns.de/person/5a73014bf24bb7ed5127cc3d",
  ],
  "rgs": "130760000000",
  "shortName": "KT",
  "type": "https://schema.oparl.org/1.0/Body",
}
`;

exports[`importing a body imports properly for 1.1 1`] = `
Object {
  "__v": 0,
  "agendaItem": Array [
    "https://sdnetrim.kdvz-frechen.de/rim4883/webservice/oparl/v1.1/body/1/agendaitem/2253",
    "https://sdnetrim.kdvz-frechen.de/rim4883/webservice/oparl/v1.1/body/1/agendaitem/2254",
    "https://sdnetrim.kdvz-frechen.de/rim4883/webservice/oparl/v1.1/body/1/agendaitem/2256",
    "https://sdnetrim.kdvz-frechen.de/rim4883/webservice/oparl/v1.1/body/1/agendaitem/2257",
    "https://sdnetrim.kdvz-frechen.de/rim4883/webservice/oparl/v1.1/body/1/agendaitem/2258",
    "https://sdnetrim.kdvz-frechen.de/rim4883/webservice/oparl/v1.1/body/1/agendaitem/2263",
    "https://sdnetrim.kdvz-frechen.de/rim4883/webservice/oparl/v1.1/body/1/agendaitem/2264",
    "https://sdnetrim.kdvz-frechen.de/rim4883/webservice/oparl/v1.1/body/1/agendaitem/2265",
    "https://sdnetrim.kdvz-frechen.de/rim4883/webservice/oparl/v1.1/body/1/agendaitem/2266",
    "https://sdnetrim.kdvz-frechen.de/rim4883/webservice/oparl/v1.1/body/1/agendaitem/2267",
    "https://sdnetrim.kdvz-frechen.de/rim4883/webservice/oparl/v1.1/body/1/agendaitem/2268",
    "https://sdnetrim.kdvz-frechen.de/rim4883/webservice/oparl/v1.1/body/1/agendaitem/2269",
    "https://sdnetrim.kdvz-frechen.de/rim4883/webservice/oparl/v1.1/body/1/agendaitem/2274",
    "https://sdnetrim.kdvz-frechen.de/rim4883/webservice/oparl/v1.1/body/1/agendaitem/2275",
    "https://sdnetrim.kdvz-frechen.de/rim4883/webservice/oparl/v1.1/body/1/agendaitem/2277",
    "https://sdnetrim.kdvz-frechen.de/rim4883/webservice/oparl/v1.1/body/1/agendaitem/2278",
    "https://sdnetrim.kdvz-frechen.de/rim4883/webservice/oparl/v1.1/body/1/agendaitem/2279",
    "https://sdnetrim.kdvz-frechen.de/rim4883/webservice/oparl/v1.1/body/1/agendaitem/2280",
    "https://sdnetrim.kdvz-frechen.de/rim4883/webservice/oparl/v1.1/body/1/agendaitem/2281",
    "https://sdnetrim.kdvz-frechen.de/rim4883/webservice/oparl/v1.1/body/1/agendaitem/2282",
    "https://sdnetrim.kdvz-frechen.de/rim4883/webservice/oparl/v1.1/body/1/agendaitem/2283",
    "https://sdnetrim.kdvz-frechen.de/rim4883/webservice/oparl/v1.1/body/1/agendaitem/2284",
    "https://sdnetrim.kdvz-frechen.de/rim4883/webservice/oparl/v1.1/body/1/agendaitem/2285",
    "https://sdnetrim.kdvz-frechen.de/rim4883/webservice/oparl/v1.1/body/1/agendaitem/2286",
    "https://sdnetrim.kdvz-frechen.de/rim4883/webservice/oparl/v1.1/body/1/agendaitem/2287",
    "https://sdnetrim.kdvz-frechen.de/rim4883/webservice/oparl/v1.1/body/1/agendaitem/2288",
    "https://sdnetrim.kdvz-frechen.de/rim4883/webservice/oparl/v1.1/body/1/agendaitem/2294",
    "https://sdnetrim.kdvz-frechen.de/rim4883/webservice/oparl/v1.1/body/1/agendaitem/2295",
  ],
  "consultation": Array [
    "https://sdnetrim.kdvz-frechen.de/rim4883/webservice/oparl/v1.1/body/1/consultation/288",
    "https://sdnetrim.kdvz-frechen.de/rim4883/webservice/oparl/v1.1/body/1/consultation/289",
    "https://sdnetrim.kdvz-frechen.de/rim4883/webservice/oparl/v1.1/body/1/consultation/294",
    "https://sdnetrim.kdvz-frechen.de/rim4883/webservice/oparl/v1.1/body/1/consultation/295",
    "https://sdnetrim.kdvz-frechen.de/rim4883/webservice/oparl/v1.1/body/1/consultation/296",
    "https://sdnetrim.kdvz-frechen.de/rim4883/webservice/oparl/v1.1/body/1/consultation/297",
    "https://sdnetrim.kdvz-frechen.de/rim4883/webservice/oparl/v1.1/body/1/consultation/298",
    "https://sdnetrim.kdvz-frechen.de/rim4883/webservice/oparl/v1.1/body/1/consultation/299",
    "https://sdnetrim.kdvz-frechen.de/rim4883/webservice/oparl/v1.1/body/1/consultation/301",
    "https://sdnetrim.kdvz-frechen.de/rim4883/webservice/oparl/v1.1/body/1/consultation/302",
    "https://sdnetrim.kdvz-frechen.de/rim4883/webservice/oparl/v1.1/body/1/consultation/303",
    "https://sdnetrim.kdvz-frechen.de/rim4883/webservice/oparl/v1.1/body/1/consultation/304",
  ],
  "equivalent": Array [],
  "externalId": "https://sdnetrim.kdvz-frechen.de/rim4883/webservice/oparl/v1.1/body/1",
  "file": Array [
    "https://sdnetrim.kdvz-frechen.de/rim4883/webservice/oparl/v1.1/body/1/file/1-3666",
    "https://sdnetrim.kdvz-frechen.de/rim4883/webservice/oparl/v1.1/body/1/file/1-3801",
    "https://sdnetrim.kdvz-frechen.de/rim4883/webservice/oparl/v1.1/body/1/file/1-3900",
    "https://sdnetrim.kdvz-frechen.de/rim4883/webservice/oparl/v1.1/body/1/file/1-3908",
    "https://sdnetrim.kdvz-frechen.de/rim4883/webservice/oparl/v1.1/body/1/file/1-3912",
    "https://sdnetrim.kdvz-frechen.de/rim4883/webservice/oparl/v1.1/body/1/file/1-3928",
    "https://sdnetrim.kdvz-frechen.de/rim4883/webservice/oparl/v1.1/body/1/file/1-3932",
    "https://sdnetrim.kdvz-frechen.de/rim4883/webservice/oparl/v1.1/body/1/file/1-3950",
    "https://sdnetrim.kdvz-frechen.de/rim4883/webservice/oparl/v1.1/body/1/file/1-3872",
    "https://sdnetrim.kdvz-frechen.de/rim4883/webservice/oparl/v1.1/body/1/file/1-3951",
    "https://sdnetrim.kdvz-frechen.de/rim4883/webservice/oparl/v1.1/body/1/file/1-3955",
    "https://sdnetrim.kdvz-frechen.de/rim4883/webservice/oparl/v1.1/body/1/file/1-3959",
    "https://sdnetrim.kdvz-frechen.de/rim4883/webservice/oparl/v1.1/body/1/file/1-3962",
    "https://sdnetrim.kdvz-frechen.de/rim4883/webservice/oparl/v1.1/body/1/file/1-3970",
    "https://sdnetrim.kdvz-frechen.de/rim4883/webservice/oparl/v1.1/body/1/file/1-3975",
    "https://sdnetrim.kdvz-frechen.de/rim4883/webservice/oparl/v1.1/body/1/file/1-4054",
    "https://sdnetrim.kdvz-frechen.de/rim4883/webservice/oparl/v1.1/body/1/file/1-4066",
    "https://sdnetrim.kdvz-frechen.de/rim4883/webservice/oparl/v1.1/body/1/file/1-4067",
    "https://sdnetrim.kdvz-frechen.de/rim4883/webservice/oparl/v1.1/body/1/file/1-4068",
    "https://sdnetrim.kdvz-frechen.de/rim4883/webservice/oparl/v1.1/body/1/file/1-4069",
    "https://sdnetrim.kdvz-frechen.de/rim4883/webservice/oparl/v1.1/body/1/file/1-4070",
    "https://sdnetrim.kdvz-frechen.de/rim4883/webservice/oparl/v1.1/body/1/file/1-3904",
    "https://sdnetrim.kdvz-frechen.de/rim4883/webservice/oparl/v1.1/body/1/file/1-4036",
    "https://sdnetrim.kdvz-frechen.de/rim4883/webservice/oparl/v1.1/body/1/file/1-4041",
    "https://sdnetrim.kdvz-frechen.de/rim4883/webservice/oparl/v1.1/body/1/file/1-4081",
    "https://sdnetrim.kdvz-frechen.de/rim4883/webservice/oparl/v1.1/body/1/file/1-4135",
    "https://sdnetrim.kdvz-frechen.de/rim4883/webservice/oparl/v1.1/body/1/file/1-4137",
    "https://sdnetrim.kdvz-frechen.de/rim4883/webservice/oparl/v1.1/body/1/file/1-4138",
    "https://sdnetrim.kdvz-frechen.de/rim4883/webservice/oparl/v1.1/body/1/file/1-4131",
    "https://sdnetrim.kdvz-frechen.de/rim4883/webservice/oparl/v1.1/body/1/file/1-4218",
    "https://sdnetrim.kdvz-frechen.de/rim4883/webservice/oparl/v1.1/body/1/file/1-4219",
    "https://sdnetrim.kdvz-frechen.de/rim4883/webservice/oparl/v1.1/body/1/file/1-4220",
    "https://sdnetrim.kdvz-frechen.de/rim4883/webservice/oparl/v1.1/body/1/file/1-4221",
    "https://sdnetrim.kdvz-frechen.de/rim4883/webservice/oparl/v1.1/body/1/file/1-4222",
    "https://sdnetrim.kdvz-frechen.de/rim4883/webservice/oparl/v1.1/body/1/file/1-4225",
    "https://sdnetrim.kdvz-frechen.de/rim4883/webservice/oparl/v1.1/body/1/file/1-4244",
    "https://sdnetrim.kdvz-frechen.de/rim4883/webservice/oparl/v1.1/body/1/file/1-4245",
    "https://sdnetrim.kdvz-frechen.de/rim4883/webservice/oparl/v1.1/body/1/file/1-4246",
    "https://sdnetrim.kdvz-frechen.de/rim4883/webservice/oparl/v1.1/body/1/file/1-4247",
    "https://sdnetrim.kdvz-frechen.de/rim4883/webservice/oparl/v1.1/body/1/file/1-4248",
    "https://sdnetrim.kdvz-frechen.de/rim4883/webservice/oparl/v1.1/body/1/file/1-4249",
    "https://sdnetrim.kdvz-frechen.de/rim4883/webservice/oparl/v1.1/body/1/file/1-4250",
    "https://sdnetrim.kdvz-frechen.de/rim4883/webservice/oparl/v1.1/body/1/file/1-4251",
  ],
  "keyword": Array [],
  "legislativeTerm": Array [
    "https://sdnetrim.kdvz-frechen.de/rim4883/webservice/oparl/v1.1/body/1/legislativeterm/468",
  ],
  "legislativeTermList": Array [],
  "location": "https://sdnetrim.kdvz-frechen.de/rim4883/webservice/oparl/v1.1/body/1/location/0-1",
  "locationList": Array [],
  "meeting": Array [
    "https://sdnetrim.kdvz-frechen.de/rim4883/webservice/oparl/v1.1/body/1/meeting/2524",
    "https://sdnetrim.kdvz-frechen.de/rim4883/webservice/oparl/v1.1/body/1/meeting/3524",
  ],
  "membership": Array [
    "https://sdnetrim.kdvz-frechen.de/rim4883/webservice/oparl/v1.1/body/1/membership/3-1-1-32",
    "https://sdnetrim.kdvz-frechen.de/rim4883/webservice/oparl/v1.1/body/1/membership/4-1-2-32",
    "https://sdnetrim.kdvz-frechen.de/rim4883/webservice/oparl/v1.1/body/1/membership/5-1-1-53",
    "https://sdnetrim.kdvz-frechen.de/rim4883/webservice/oparl/v1.1/body/1/membership/1-1-7-53",
    "https://sdnetrim.kdvz-frechen.de/rim4883/webservice/oparl/v1.1/body/1/membership/124-1-5-53",
    "https://sdnetrim.kdvz-frechen.de/rim4883/webservice/oparl/v1.1/body/1/membership/2-1-3-53",
    "https://sdnetrim.kdvz-frechen.de/rim4883/webservice/oparl/v1.1/body/1/membership/205-1-3-53",
    "https://sdnetrim.kdvz-frechen.de/rim4883/webservice/oparl/v1.1/body/1/membership/111-1-6-53",
    "https://sdnetrim.kdvz-frechen.de/rim4883/webservice/oparl/v1.1/body/1/membership/6-1-1-59",
    "https://sdnetrim.kdvz-frechen.de/rim4883/webservice/oparl/v1.1/body/1/membership/7-1-7-59",
    "https://sdnetrim.kdvz-frechen.de/rim4883/webservice/oparl/v1.1/body/1/membership/8-1-3-59",
    "https://sdnetrim.kdvz-frechen.de/rim4883/webservice/oparl/v1.1/body/1/membership/147-1-8-59",
    "https://sdnetrim.kdvz-frechen.de/rim4883/webservice/oparl/v1.1/body/1/membership/142-1-1-60",
    "https://sdnetrim.kdvz-frechen.de/rim4883/webservice/oparl/v1.1/body/1/membership/9-1-4-60",
    "https://sdnetrim.kdvz-frechen.de/rim4883/webservice/oparl/v1.1/body/1/membership/224-1-4-60",
    "https://sdnetrim.kdvz-frechen.de/rim4883/webservice/oparl/v1.1/body/1/membership/145-1-4-60",
    "https://sdnetrim.kdvz-frechen.de/rim4883/webservice/oparl/v1.1/body/1/membership/170-1-1-61",
    "https://sdnetrim.kdvz-frechen.de/rim4883/webservice/oparl/v1.1/body/1/membership/219-1-4-61",
    "https://sdnetrim.kdvz-frechen.de/rim4883/webservice/oparl/v1.1/body/1/membership/10-1-5-61",
    "https://sdnetrim.kdvz-frechen.de/rim4883/webservice/oparl/v1.1/body/1/membership/218-1-5-61",
    "https://sdnetrim.kdvz-frechen.de/rim4883/webservice/oparl/v1.1/body/1/membership/119-1-1-64",
    "https://sdnetrim.kdvz-frechen.de/rim4883/webservice/oparl/v1.1/body/1/membership/222-1-4-64",
    "https://sdnetrim.kdvz-frechen.de/rim4883/webservice/oparl/v1.1/body/1/membership/126-1-4-64",
    "https://sdnetrim.kdvz-frechen.de/rim4883/webservice/oparl/v1.1/body/1/membership/13-1-4-64",
    "https://sdnetrim.kdvz-frechen.de/rim4883/webservice/oparl/v1.1/body/1/membership/20-1-1-66",
    "https://sdnetrim.kdvz-frechen.de/rim4883/webservice/oparl/v1.1/body/1/membership/143-1-7-66",
    "https://sdnetrim.kdvz-frechen.de/rim4883/webservice/oparl/v1.1/body/1/membership/17-1-5-66",
    "https://sdnetrim.kdvz-frechen.de/rim4883/webservice/oparl/v1.1/body/1/membership/16-1-2-66",
    "https://sdnetrim.kdvz-frechen.de/rim4883/webservice/oparl/v1.1/body/1/membership/15-1-3-66",
    "https://sdnetrim.kdvz-frechen.de/rim4883/webservice/oparl/v1.1/body/1/membership/166-1-6-66",
    "https://sdnetrim.kdvz-frechen.de/rim4883/webservice/oparl/v1.1/body/1/membership/148-1-8-66",
    "https://sdnetrim.kdvz-frechen.de/rim4883/webservice/oparl/v1.1/body/1/membership/18-1-1-67",
    "https://sdnetrim.kdvz-frechen.de/rim4883/webservice/oparl/v1.1/body/1/membership/19-1-2-67",
    "https://sdnetrim.kdvz-frechen.de/rim4883/webservice/oparl/v1.1/body/1/membership/231-1-9-67",
    "https://sdnetrim.kdvz-frechen.de/rim4883/webservice/oparl/v1.1/body/1/membership/24-1-5-70",
    "https://sdnetrim.kdvz-frechen.de/rim4883/webservice/oparl/v1.1/body/1/membership/25-1-1-71",
    "https://sdnetrim.kdvz-frechen.de/rim4883/webservice/oparl/v1.1/body/1/membership/27-1-5-71",
    "https://sdnetrim.kdvz-frechen.de/rim4883/webservice/oparl/v1.1/body/1/membership/26-1-2-71",
    "https://sdnetrim.kdvz-frechen.de/rim4883/webservice/oparl/v1.1/body/1/membership/188-1-9-71",
    "https://sdnetrim.kdvz-frechen.de/rim4883/webservice/oparl/v1.1/body/1/membership/28-1-1-72",
    "https://sdnetrim.kdvz-frechen.de/rim4883/webservice/oparl/v1.1/body/1/membership/30-1-4-72",
    "https://sdnetrim.kdvz-frechen.de/rim4883/webservice/oparl/v1.1/body/1/membership/223-1-4-72",
    "https://sdnetrim.kdvz-frechen.de/rim4883/webservice/oparl/v1.1/body/1/membership/29-1-2-72",
    "https://sdnetrim.kdvz-frechen.de/rim4883/webservice/oparl/v1.1/body/1/membership/31-1-4-73",
    "https://sdnetrim.kdvz-frechen.de/rim4883/webservice/oparl/v1.1/body/1/membership/181-1-5-73",
    "https://sdnetrim.kdvz-frechen.de/rim4883/webservice/oparl/v1.1/body/1/membership/37-1-1-77",
    "https://sdnetrim.kdvz-frechen.de/rim4883/webservice/oparl/v1.1/body/1/membership/38-1-2-77",
    "https://sdnetrim.kdvz-frechen.de/rim4883/webservice/oparl/v1.1/body/1/membership/196-1-9-77",
    "https://sdnetrim.kdvz-frechen.de/rim4883/webservice/oparl/v1.1/body/1/membership/195-1-3-77",
    "https://sdnetrim.kdvz-frechen.de/rim4883/webservice/oparl/v1.1/body/1/membership/43-1-1-80",
    "https://sdnetrim.kdvz-frechen.de/rim4883/webservice/oparl/v1.1/body/1/membership/44-1-2-80",
    "https://sdnetrim.kdvz-frechen.de/rim4883/webservice/oparl/v1.1/body/1/membership/45-1-3-80",
    "https://sdnetrim.kdvz-frechen.de/rim4883/webservice/oparl/v1.1/body/1/membership/46-1-6-80",
    "https://sdnetrim.kdvz-frechen.de/rim4883/webservice/oparl/v1.1/body/1/membership/47-1-1-81",
    "https://sdnetrim.kdvz-frechen.de/rim4883/webservice/oparl/v1.1/body/1/membership/217-1-4-81",
    "https://sdnetrim.kdvz-frechen.de/rim4883/webservice/oparl/v1.1/body/1/membership/49-1-5-81",
    "https://sdnetrim.kdvz-frechen.de/rim4883/webservice/oparl/v1.1/body/1/membership/216-1-5-81",
    "https://sdnetrim.kdvz-frechen.de/rim4883/webservice/oparl/v1.1/body/1/membership/48-1-6-81",
    "https://sdnetrim.kdvz-frechen.de/rim4883/webservice/oparl/v1.1/body/1/membership/50-1-5-82",
    "https://sdnetrim.kdvz-frechen.de/rim4883/webservice/oparl/v1.1/body/1/membership/54-1-7-85",
    "https://sdnetrim.kdvz-frechen.de/rim4883/webservice/oparl/v1.1/body/1/membership/189-1-9-85",
    "https://sdnetrim.kdvz-frechen.de/rim4883/webservice/oparl/v1.1/body/1/membership/67-1-7-91",
    "https://sdnetrim.kdvz-frechen.de/rim4883/webservice/oparl/v1.1/body/1/membership/69-1-4-93",
    "https://sdnetrim.kdvz-frechen.de/rim4883/webservice/oparl/v1.1/body/1/membership/182-1-4-93",
    "https://sdnetrim.kdvz-frechen.de/rim4883/webservice/oparl/v1.1/body/1/membership/70-1-1-94",
    "https://sdnetrim.kdvz-frechen.de/rim4883/webservice/oparl/v1.1/body/1/membership/71-1-2-94",
    "https://sdnetrim.kdvz-frechen.de/rim4883/webservice/oparl/v1.1/body/1/membership/187-1-3-94",
    "https://sdnetrim.kdvz-frechen.de/rim4883/webservice/oparl/v1.1/body/1/membership/72-1-3-94",
    "https://sdnetrim.kdvz-frechen.de/rim4883/webservice/oparl/v1.1/body/1/membership/165-1-6-94",
    "https://sdnetrim.kdvz-frechen.de/rim4883/webservice/oparl/v1.1/body/1/membership/149-1-8-94",
    "https://sdnetrim.kdvz-frechen.de/rim4883/webservice/oparl/v1.1/body/1/membership/75-1-1-96",
    "https://sdnetrim.kdvz-frechen.de/rim4883/webservice/oparl/v1.1/body/1/membership/76-1-7-96",
    "https://sdnetrim.kdvz-frechen.de/rim4883/webservice/oparl/v1.1/body/1/membership/77-1-6-96",
    "https://sdnetrim.kdvz-frechen.de/rim4883/webservice/oparl/v1.1/body/1/membership/244-1-1-97",
    "https://sdnetrim.kdvz-frechen.de/rim4883/webservice/oparl/v1.1/body/1/membership/78-1-1-97",
    "https://sdnetrim.kdvz-frechen.de/rim4883/webservice/oparl/v1.1/body/1/membership/80-1-4-97",
    "https://sdnetrim.kdvz-frechen.de/rim4883/webservice/oparl/v1.1/body/1/membership/79-1-7-97",
    "https://sdnetrim.kdvz-frechen.de/rim4883/webservice/oparl/v1.1/body/1/membership/123-1-2-97",
    "https://sdnetrim.kdvz-frechen.de/rim4883/webservice/oparl/v1.1/body/1/membership/168-1-6-97",
    "https://sdnetrim.kdvz-frechen.de/rim4883/webservice/oparl/v1.1/body/1/membership/150-1-8-97",
    "https://sdnetrim.kdvz-frechen.de/rim4883/webservice/oparl/v1.1/body/1/membership/84-1-1-99",
    "https://sdnetrim.kdvz-frechen.de/rim4883/webservice/oparl/v1.1/body/1/membership/225-1-4-99",
    "https://sdnetrim.kdvz-frechen.de/rim4883/webservice/oparl/v1.1/body/1/membership/86-1-4-99",
    "https://sdnetrim.kdvz-frechen.de/rim4883/webservice/oparl/v1.1/body/1/membership/85-1-5-99",
    "https://sdnetrim.kdvz-frechen.de/rim4883/webservice/oparl/v1.1/body/1/membership/185-1-1-101",
    "https://sdnetrim.kdvz-frechen.de/rim4883/webservice/oparl/v1.1/body/1/membership/88-1-1-101",
    "https://sdnetrim.kdvz-frechen.de/rim4883/webservice/oparl/v1.1/body/1/membership/90-1-4-101",
    "https://sdnetrim.kdvz-frechen.de/rim4883/webservice/oparl/v1.1/body/1/membership/186-1-5-101",
    "https://sdnetrim.kdvz-frechen.de/rim4883/webservice/oparl/v1.1/body/1/membership/89-1-2-101",
    "https://sdnetrim.kdvz-frechen.de/rim4883/webservice/oparl/v1.1/body/1/membership/91-1-1-102",
    "https://sdnetrim.kdvz-frechen.de/rim4883/webservice/oparl/v1.1/body/1/membership/114-1-4-102",
    "https://sdnetrim.kdvz-frechen.de/rim4883/webservice/oparl/v1.1/body/1/membership/92-1-7-102",
    "https://sdnetrim.kdvz-frechen.de/rim4883/webservice/oparl/v1.1/body/1/membership/93-1-5-102",
    "https://sdnetrim.kdvz-frechen.de/rim4883/webservice/oparl/v1.1/body/1/membership/140-1-2-102",
    "https://sdnetrim.kdvz-frechen.de/rim4883/webservice/oparl/v1.1/body/1/membership/215-1-9-102",
    "https://sdnetrim.kdvz-frechen.de/rim4883/webservice/oparl/v1.1/body/1/membership/98-1-1-105",
    "https://sdnetrim.kdvz-frechen.de/rim4883/webservice/oparl/v1.1/body/1/membership/99-1-5-105",
    "https://sdnetrim.kdvz-frechen.de/rim4883/webservice/oparl/v1.1/body/1/membership/101-1-2-105",
    "https://sdnetrim.kdvz-frechen.de/rim4883/webservice/oparl/v1.1/body/1/membership/100-1-6-105",
    "https://sdnetrim.kdvz-frechen.de/rim4883/webservice/oparl/v1.1/body/1/membership/151-1-8-105",
    "https://sdnetrim.kdvz-frechen.de/rim4883/webservice/oparl/v1.1/body/1/membership/183-1-4-106",
    "https://sdnetrim.kdvz-frechen.de/rim4883/webservice/oparl/v1.1/body/1/membership/102-1-5-106",
    "https://sdnetrim.kdvz-frechen.de/rim4883/webservice/oparl/v1.1/body/1/membership/103-1-5-108",
    "https://sdnetrim.kdvz-frechen.de/rim4883/webservice/oparl/v1.1/body/1/membership/171-1-1-151",
    "https://sdnetrim.kdvz-frechen.de/rim4883/webservice/oparl/v1.1/body/1/membership/116-1-7-151",
    "https://sdnetrim.kdvz-frechen.de/rim4883/webservice/oparl/v1.1/body/1/membership/214-1-9-151",
    "https://sdnetrim.kdvz-frechen.de/rim4883/webservice/oparl/v1.1/body/1/membership/125-1-4-157",
    "https://sdnetrim.kdvz-frechen.de/rim4883/webservice/oparl/v1.1/body/1/membership/226-1-7-157",
    "https://sdnetrim.kdvz-frechen.de/rim4883/webservice/oparl/v1.1/body/1/membership/227-1-5-157",
    "https://sdnetrim.kdvz-frechen.de/rim4883/webservice/oparl/v1.1/body/1/membership/134-1-4-160",
    "https://sdnetrim.kdvz-frechen.de/rim4883/webservice/oparl/v1.1/body/1/membership/136-1-7-163",
    "https://sdnetrim.kdvz-frechen.de/rim4883/webservice/oparl/v1.1/body/1/membership/184-1-7-163",
    "https://sdnetrim.kdvz-frechen.de/rim4883/webservice/oparl/v1.1/body/1/membership/180-1-1-166",
    "https://sdnetrim.kdvz-frechen.de/rim4883/webservice/oparl/v1.1/body/1/membership/141-1-7-166",
    "https://sdnetrim.kdvz-frechen.de/rim4883/webservice/oparl/v1.1/body/1/membership/212-1-7-166",
    "https://sdnetrim.kdvz-frechen.de/rim4883/webservice/oparl/v1.1/body/1/membership/213-1-9-166",
    "https://sdnetrim.kdvz-frechen.de/rim4883/webservice/oparl/v1.1/body/1/membership/160-1-5-177",
    "https://sdnetrim.kdvz-frechen.de/rim4883/webservice/oparl/v1.1/body/1/membership/161-1-5-180",
    "https://sdnetrim.kdvz-frechen.de/rim4883/webservice/oparl/v1.1/body/1/membership/162-1-5-181",
    "https://sdnetrim.kdvz-frechen.de/rim4883/webservice/oparl/v1.1/body/1/membership/172-1-1-183",
    "https://sdnetrim.kdvz-frechen.de/rim4883/webservice/oparl/v1.1/body/1/membership/207-1-4-183",
    "https://sdnetrim.kdvz-frechen.de/rim4883/webservice/oparl/v1.1/body/1/membership/208-1-5-183",
    "https://sdnetrim.kdvz-frechen.de/rim4883/webservice/oparl/v1.1/body/1/membership/206-1-3-183",
    "https://sdnetrim.kdvz-frechen.de/rim4883/webservice/oparl/v1.1/body/1/membership/173-1-1-184",
    "https://sdnetrim.kdvz-frechen.de/rim4883/webservice/oparl/v1.1/body/1/membership/209-1-9-184",
    "https://sdnetrim.kdvz-frechen.de/rim4883/webservice/oparl/v1.1/body/1/membership/164-1-6-184",
    "https://sdnetrim.kdvz-frechen.de/rim4883/webservice/oparl/v1.1/body/1/membership/174-1-1-185",
    "https://sdnetrim.kdvz-frechen.de/rim4883/webservice/oparl/v1.1/body/1/membership/193-1-7-185",
    "https://sdnetrim.kdvz-frechen.de/rim4883/webservice/oparl/v1.1/body/1/membership/192-1-2-185",
    "https://sdnetrim.kdvz-frechen.de/rim4883/webservice/oparl/v1.1/body/1/membership/194-1-9-185",
    "https://sdnetrim.kdvz-frechen.de/rim4883/webservice/oparl/v1.1/body/1/membership/167-1-6-185",
    "https://sdnetrim.kdvz-frechen.de/rim4883/webservice/oparl/v1.1/body/1/membership/175-1-1-186",
    "https://sdnetrim.kdvz-frechen.de/rim4883/webservice/oparl/v1.1/body/1/membership/221-1-4-186",
    "https://sdnetrim.kdvz-frechen.de/rim4883/webservice/oparl/v1.1/body/1/membership/220-1-5-186",
    "https://sdnetrim.kdvz-frechen.de/rim4883/webservice/oparl/v1.1/body/1/membership/176-1-1-187",
    "https://sdnetrim.kdvz-frechen.de/rim4883/webservice/oparl/v1.1/body/1/membership/190-1-2-187",
    "https://sdnetrim.kdvz-frechen.de/rim4883/webservice/oparl/v1.1/body/1/membership/191-1-3-187",
    "https://sdnetrim.kdvz-frechen.de/rim4883/webservice/oparl/v1.1/body/1/membership/177-1-1-188",
    "https://sdnetrim.kdvz-frechen.de/rim4883/webservice/oparl/v1.1/body/1/membership/210-1-7-188",
    "https://sdnetrim.kdvz-frechen.de/rim4883/webservice/oparl/v1.1/body/1/membership/211-1-5-188",
    "https://sdnetrim.kdvz-frechen.de/rim4883/webservice/oparl/v1.1/body/1/membership/163-1-6-188",
    "https://sdnetrim.kdvz-frechen.de/rim4883/webservice/oparl/v1.1/body/1/membership/179-1-1-189",
    "https://sdnetrim.kdvz-frechen.de/rim4883/webservice/oparl/v1.1/body/1/membership/197-1-7-189",
    "https://sdnetrim.kdvz-frechen.de/rim4883/webservice/oparl/v1.1/body/1/membership/204-1-2-189",
    "https://sdnetrim.kdvz-frechen.de/rim4883/webservice/oparl/v1.1/body/1/membership/198-1-9-189",
    "https://sdnetrim.kdvz-frechen.de/rim4883/webservice/oparl/v1.1/body/1/membership/169-1-6-189",
    "https://sdnetrim.kdvz-frechen.de/rim4883/webservice/oparl/v1.1/body/1/membership/178-1-1-190",
    "https://sdnetrim.kdvz-frechen.de/rim4883/webservice/oparl/v1.1/body/1/membership/203-1-4-190",
    "https://sdnetrim.kdvz-frechen.de/rim4883/webservice/oparl/v1.1/body/1/membership/200-1-7-190",
    "https://sdnetrim.kdvz-frechen.de/rim4883/webservice/oparl/v1.1/body/1/membership/202-1-5-190",
    "https://sdnetrim.kdvz-frechen.de/rim4883/webservice/oparl/v1.1/body/1/membership/199-1-2-190",
    "https://sdnetrim.kdvz-frechen.de/rim4883/webservice/oparl/v1.1/body/1/membership/201-1-9-190",
    "https://sdnetrim.kdvz-frechen.de/rim4883/webservice/oparl/v1.1/body/1/membership/232-1-5-197",
    "https://sdnetrim.kdvz-frechen.de/rim4883/webservice/oparl/v1.1/body/1/membership/233-1-7-198",
    "https://sdnetrim.kdvz-frechen.de/rim4883/webservice/oparl/v1.1/body/1/membership/234-1-4-199",
    "https://sdnetrim.kdvz-frechen.de/rim4883/webservice/oparl/v1.1/body/1/membership/236-1-7-200",
    "https://sdnetrim.kdvz-frechen.de/rim4883/webservice/oparl/v1.1/body/1/membership/237-1-5-200",
    "https://sdnetrim.kdvz-frechen.de/rim4883/webservice/oparl/v1.1/body/1/membership/235-1-9-200",
    "https://sdnetrim.kdvz-frechen.de/rim4883/webservice/oparl/v1.1/body/1/membership/239-1-7-201",
    "https://sdnetrim.kdvz-frechen.de/rim4883/webservice/oparl/v1.1/body/1/membership/238-1-9-201",
    "https://sdnetrim.kdvz-frechen.de/rim4883/webservice/oparl/v1.1/body/1/membership/241-1-4-202",
    "https://sdnetrim.kdvz-frechen.de/rim4883/webservice/oparl/v1.1/body/1/membership/240-1-7-202",
    "https://sdnetrim.kdvz-frechen.de/rim4883/webservice/oparl/v1.1/body/1/membership/242-1-9-203",
    "https://sdnetrim.kdvz-frechen.de/rim4883/webservice/oparl/v1.1/body/1/membership/243-1-4-204",
    "https://sdnetrim.kdvz-frechen.de/rim4883/webservice/oparl/v1.1/body/1/membership/245-1-7-205",
    "https://sdnetrim.kdvz-frechen.de/rim4883/webservice/oparl/v1.1/body/1/membership/246-1-7-206",
    "https://sdnetrim.kdvz-frechen.de/rim4883/webservice/oparl/v1.1/body/1/membership/247-1-9-206",
    "https://sdnetrim.kdvz-frechen.de/rim4883/webservice/oparl/v1.1/body/1/membership/248-1-5-207",
    "https://sdnetrim.kdvz-frechen.de/rim4883/webservice/oparl/v1.1/body/1/membership/249-1-5-208",
    "https://sdnetrim.kdvz-frechen.de/rim4883/webservice/oparl/v1.1/body/1/membership/250-1-9-209",
    "https://sdnetrim.kdvz-frechen.de/rim4883/webservice/oparl/v1.1/body/1/membership/251-1-7-210",
    "https://sdnetrim.kdvz-frechen.de/rim4883/webservice/oparl/v1.1/body/1/membership/252-1-5-211",
  ],
  "name": "Gemeinde Langenberg",
  "organization": Array [],
  "paper": Array [
    "https://sdnetrim.kdvz-frechen.de/rim4883/webservice/oparl/v1.1/body/1/paper/212",
    "https://sdnetrim.kdvz-frechen.de/rim4883/webservice/oparl/v1.1/body/1/paper/231",
    "https://sdnetrim.kdvz-frechen.de/rim4883/webservice/oparl/v1.1/body/1/paper/241",
    "https://sdnetrim.kdvz-frechen.de/rim4883/webservice/oparl/v1.1/body/1/paper/243",
    "https://sdnetrim.kdvz-frechen.de/rim4883/webservice/oparl/v1.1/body/1/paper/244",
    "https://sdnetrim.kdvz-frechen.de/rim4883/webservice/oparl/v1.1/body/1/paper/247",
    "https://sdnetrim.kdvz-frechen.de/rim4883/webservice/oparl/v1.1/body/1/paper/248",
    "https://sdnetrim.kdvz-frechen.de/rim4883/webservice/oparl/v1.1/body/1/paper/233",
    "https://sdnetrim.kdvz-frechen.de/rim4883/webservice/oparl/v1.1/body/1/paper/252",
    "https://sdnetrim.kdvz-frechen.de/rim4883/webservice/oparl/v1.1/body/1/paper/253",
    "https://sdnetrim.kdvz-frechen.de/rim4883/webservice/oparl/v1.1/body/1/paper/254",
    "https://sdnetrim.kdvz-frechen.de/rim4883/webservice/oparl/v1.1/body/1/paper/255",
    "https://sdnetrim.kdvz-frechen.de/rim4883/webservice/oparl/v1.1/body/1/paper/257",
    "https://sdnetrim.kdvz-frechen.de/rim4883/webservice/oparl/v1.1/body/1/paper/242",
    "https://sdnetrim.kdvz-frechen.de/rim4883/webservice/oparl/v1.1/body/1/paper/259",
    "https://sdnetrim.kdvz-frechen.de/rim4883/webservice/oparl/v1.1/body/1/paper/260",
  ],
  "person": Array [],
  "type": "https://schema.oparl.org/1.1/Body",
}
`;
