// Jest Snapshot v1, https://goo.gl/fbAQLP

exports[`importing a meeting imports properly for 1.0 1`] = `
Object {
  "__v": 0,
  "agendaItem": Array [
    "https://ris.schwalmtal.de/webservice/oparl/v1.0/body/1/agendaitem/4155",
    "https://ris.schwalmtal.de/webservice/oparl/v1.0/body/1/agendaitem/317",
    "https://ris.schwalmtal.de/webservice/oparl/v1.0/body/1/agendaitem/325",
    "https://ris.schwalmtal.de/webservice/oparl/v1.0/body/1/agendaitem/326",
    "https://ris.schwalmtal.de/webservice/oparl/v1.0/body/1/agendaitem/327",
    "https://ris.schwalmtal.de/webservice/oparl/v1.0/body/1/agendaitem/328",
    "https://ris.schwalmtal.de/webservice/oparl/v1.0/body/1/agendaitem/329",
    "https://ris.schwalmtal.de/webservice/oparl/v1.0/body/1/agendaitem/330",
    "https://ris.schwalmtal.de/webservice/oparl/v1.0/body/1/agendaitem/331",
    "https://ris.schwalmtal.de/webservice/oparl/v1.0/body/1/agendaitem/320",
    "https://ris.schwalmtal.de/webservice/oparl/v1.0/body/1/agendaitem/299",
  ],
  "auxiliaryFile": Array [],
  "created": 2017-07-24T15:33:12.000Z,
  "end": 2004-11-16T19:00:00.000Z,
  "externalId": "https://ris.schwalmtal.de/webservice/oparl/v1.0/body/1/meeting/503",
  "keyword": Array [
    "Rat der Gemeinde",
  ],
  "modified": 2017-08-01T12:14:43.000Z,
  "name": "Rat der Gemeinde",
  "organization": Array [
    "https://ris.schwalmtal.de/webservice/oparl/v1.0/body/1/organization/1-1",
  ],
  "participant": Array [],
  "start": 2004-11-16T18:00:00.000Z,
  "type": "https://schema.oparl.org/1.0/Meeting",
  "web": "https://ris.schwalmtal.de/tops/?__=UGhVM0hpd2NXNFdFcExjZcG8mlSHys8pcEOe79OBc6U",
}
`;

exports[`importing a meeting imports properly for 1.1 1`] = `
Object {
  "__v": 0,
  "agendaItem": Array [
    "https://sdnetrim.kdvz-frechen.de/rim4883/webservice/oparl/v1.1/body/1/agendaitem/1541",
    "https://sdnetrim.kdvz-frechen.de/rim4883/webservice/oparl/v1.1/body/1/agendaitem/1548",
  ],
  "auxiliaryFile": Array [],
  "created": 2015-03-19T15:32:25.000Z,
  "end": 2015-05-28T17:45:00.000Z,
  "externalId": "https://sdnetrim.kdvz-frechen.de/rim4883/webservice/oparl/v1.1/body/1/meeting/459",
  "invitation": "https://sdnetrim.kdvz-frechen.de/rim4883/webservice/oparl/v1.1/body/1/file/1-1453",
  "keyword": Array [
    "Ausschuss für Jugend, Familie und Senioren (3. Sitzung)",
  ],
  "location": "https://sdnetrim.kdvz-frechen.de/rim4883/webservice/oparl/v1.1/body/1/location/2-1",
  "modified": 2015-10-08T09:02:26.000Z,
  "name": "Ausschuss für Jugend, Familie und Senioren (3. Sitzung)",
  "organization": Array [
    "https://sdnetrim.kdvz-frechen.de/rim4883/webservice/oparl/v1.1/body/1/organization/1-4",
  ],
  "participant": Array [],
  "start": 2015-05-28T16:00:00.000Z,
  "type": "https://schema.oparl.org/1.1/Meeting",
  "web": "https://sdnetrim.kdvz-frechen.de/rim4883/tops/?__=UGhVM0hpd2NXNFdFcExjZZ6jSNgLtfe98IBGzP-n8n4",
}
`;
