// Jest Snapshot v1, https://goo.gl/fbAQLP

exports[`importing an organization imports properly for 1.0 1`] = `
Object {
  "__v": 0,
  "body": "https://oparl.politik-bei-uns.de/body/5a73013af24bb7ed5127a72a",
  "classification": "Ausschuss",
  "consultation": Array [],
  "created": 2016-10-06T10:00:00.000Z,
  "externalId": "https://oparl.politik-bei-uns.de/organization/5a73013bf24bb7ed5127a7df",
  "keyword": Array [],
  "location": "https://oparl.politik-bei-uns.de/location/5a73013bf24bb7ed5127a7b5",
  "meeting": Array [
    "https://oparl.politik-bei-uns.de/meeting/5a730150f24bb7ed5127d6eb",
    "https://oparl.politik-bei-uns.de/meeting/5a730175f24bb7ed5127eac8",
    "https://oparl.politik-bei-uns.de/meeting/5a73017ff24bb7ed5127f0d7",
    "https://oparl.politik-bei-uns.de/meeting/5a730183f24bb7ed5127f330",
  ],
  "membership": Array [
    "https://oparl.politik-bei-uns.de/membership/5a73013bf24bb7ed5127a7b8",
    "https://oparl.politik-bei-uns.de/membership/5a73013bf24bb7ed5127a7bb",
    "https://oparl.politik-bei-uns.de/membership/5a73013bf24bb7ed5127a7be",
    "https://oparl.politik-bei-uns.de/membership/5a73013bf24bb7ed5127a7c1",
    "https://oparl.politik-bei-uns.de/membership/5a73013bf24bb7ed5127a7c4",
    "https://oparl.politik-bei-uns.de/membership/5a73013bf24bb7ed5127a7c7",
    "https://oparl.politik-bei-uns.de/membership/5a73013bf24bb7ed5127a7ca",
    "https://oparl.politik-bei-uns.de/membership/5a73013bf24bb7ed5127a7cd",
    "https://oparl.politik-bei-uns.de/membership/5a73013bf24bb7ed5127a7d0",
    "https://oparl.politik-bei-uns.de/membership/5a73013bf24bb7ed5127a7d3",
    "https://oparl.politik-bei-uns.de/membership/5a73013bf24bb7ed5127a7d6",
    "https://oparl.politik-bei-uns.de/membership/5a73013bf24bb7ed5127a7d9",
    "https://oparl.politik-bei-uns.de/membership/5a73013bf24bb7ed5127a7dc",
  ],
  "modified": 2018-01-23T10:59:02.000Z,
  "name": "Betriebsausschuss Abfallwirtschaft",
  "organizationType": "Gremium",
  "post": Array [],
  "shortName": "BA",
  "startDate": 2016-10-06T00:00:00.000Z,
  "type": "https://schema.oparl.org/1.0/Organization",
}
`;

exports[`importing an organization imports properly for 1.1 1`] = `
Object {
  "__v": 0,
  "body": "https://sdnetrim.kdvz-frechen.de/rim4883/webservice/oparl/v1.1/body/1",
  "classification": "Ausschüsse",
  "consultation": Array [],
  "created": 2015-03-18T16:05:27.000Z,
  "externalId": "https://sdnetrim.kdvz-frechen.de/rim4883/webservice/oparl/v1.1/body/1/organization/1-3",
  "keyword": Array [],
  "location": "https://sdnetrim.kdvz-frechen.de/rim4883/webservice/oparl/v1.1/body/1/location/1-3",
  "meeting": Array [],
  "membership": Array [
    "https://sdnetrim.kdvz-frechen.de/rim4883/webservice/oparl/v1.1/body/1/membership/187-1-3-94",
    "https://sdnetrim.kdvz-frechen.de/rim4883/webservice/oparl/v1.1/body/1/membership/205-1-3-53",
    "https://sdnetrim.kdvz-frechen.de/rim4883/webservice/oparl/v1.1/body/1/membership/8-1-3-59",
    "https://sdnetrim.kdvz-frechen.de/rim4883/webservice/oparl/v1.1/body/1/membership/195-1-3-77",
    "https://sdnetrim.kdvz-frechen.de/rim4883/webservice/oparl/v1.1/body/1/membership/45-1-3-80",
    "https://sdnetrim.kdvz-frechen.de/rim4883/webservice/oparl/v1.1/body/1/membership/206-1-3-183",
    "https://sdnetrim.kdvz-frechen.de/rim4883/webservice/oparl/v1.1/body/1/membership/191-1-3-187",
  ],
  "modified": 2017-05-04T22:00:00.000Z,
  "name": "Rechnungsprüfungsausschuss",
  "organizationType": "Gremium",
  "post": Array [
    "Vorsitzende/r",
    "stellv. Vorsitzende/r",
    "Mitglied",
  ],
  "shortName": "RPA",
  "startDate": 1950-01-01T00:00:00.000Z,
  "type": "https://schema.oparl.org/1.1/Organization",
  "web": "https://sdnetrim.kdvz-frechen.de/rim4883/gremien/?__=UGhVM0hpd2NXNFdFcExjZdagC1p12Ukom34sARBPmlg",
  "website": "",
}
`;
