// Jest Snapshot v1, https://goo.gl/fbAQLP

exports[`importing an organization imports properly 1`] = `
Object {
  "__v": 0,
  "body": "https://www.lwl-pch.sitzung-online.de/oi/oparl/1.0/bodies.asp?id=2",
  "classification": "Kreistag",
  "created": 2011-09-13T10:00:00.000Z,
  "externalId": "https://www.lwl-pch.sitzung-online.de/oi/oparl/1.0/organizations.asp?typ=gr&id=40",
  "keyword": Array [],
  "location": "https://www.lwl-pch.sitzung-online.de/oi/oparl/1.0/locations.asp?id=664",
  "meeting": Array [
    "https://www.lwl-pch.sitzung-online.de/oi/oparl/1.0/meetings.asp?id=1169",
    "https://www.lwl-pch.sitzung-online.de/oi/oparl/1.0/meetings.asp?id=1234",
    "https://www.lwl-pch.sitzung-online.de/oi/oparl/1.0/meetings.asp?id=1243",
    "https://www.lwl-pch.sitzung-online.de/oi/oparl/1.0/meetings.asp?id=1244",
    "https://www.lwl-pch.sitzung-online.de/oi/oparl/1.0/meetings.asp?id=1245",
    "https://www.lwl-pch.sitzung-online.de/oi/oparl/1.0/meetings.asp?id=1246",
    "https://www.lwl-pch.sitzung-online.de/oi/oparl/1.0/meetings.asp?id=1247",
    "https://www.lwl-pch.sitzung-online.de/oi/oparl/1.0/meetings.asp?id=1343",
    "https://www.lwl-pch.sitzung-online.de/oi/oparl/1.0/meetings.asp?id=1578",
    "https://www.lwl-pch.sitzung-online.de/oi/oparl/1.0/meetings.asp?id=1579",
    "https://www.lwl-pch.sitzung-online.de/oi/oparl/1.0/meetings.asp?id=1580",
    "https://www.lwl-pch.sitzung-online.de/oi/oparl/1.0/meetings.asp?id=1581",
    "https://www.lwl-pch.sitzung-online.de/oi/oparl/1.0/meetings.asp?id=1582",
    "https://www.lwl-pch.sitzung-online.de/oi/oparl/1.0/meetings.asp?id=1583",
    "https://www.lwl-pch.sitzung-online.de/oi/oparl/1.0/meetings.asp?id=1584",
    "https://www.lwl-pch.sitzung-online.de/oi/oparl/1.0/meetings.asp?id=1814",
    "https://www.lwl-pch.sitzung-online.de/oi/oparl/1.0/meetings.asp?id=1815",
    "https://www.lwl-pch.sitzung-online.de/oi/oparl/1.0/meetings.asp?id=1816",
    "https://www.lwl-pch.sitzung-online.de/oi/oparl/1.0/meetings.asp?id=1868",
    "https://www.lwl-pch.sitzung-online.de/oi/oparl/1.0/meetings.asp?id=1878",
  ],
  "membership": Array [
    "https://www.lwl-pch.sitzung-online.de/oi/oparl/1.0/memberships.asp?typ=mg&id=2659",
    "https://www.lwl-pch.sitzung-online.de/oi/oparl/1.0/memberships.asp?typ=mg&id=2660",
    "https://www.lwl-pch.sitzung-online.de/oi/oparl/1.0/memberships.asp?typ=mg&id=2662",
    "https://www.lwl-pch.sitzung-online.de/oi/oparl/1.0/memberships.asp?typ=mg&id=2663",
    "https://www.lwl-pch.sitzung-online.de/oi/oparl/1.0/memberships.asp?typ=mg&id=2664",
    "https://www.lwl-pch.sitzung-online.de/oi/oparl/1.0/memberships.asp?typ=mg&id=2665",
    "https://www.lwl-pch.sitzung-online.de/oi/oparl/1.0/memberships.asp?typ=mg&id=2666",
    "https://www.lwl-pch.sitzung-online.de/oi/oparl/1.0/memberships.asp?typ=mg&id=2667",
    "https://www.lwl-pch.sitzung-online.de/oi/oparl/1.0/memberships.asp?typ=mg&id=2668",
    "https://www.lwl-pch.sitzung-online.de/oi/oparl/1.0/memberships.asp?typ=mg&id=2669",
    "https://www.lwl-pch.sitzung-online.de/oi/oparl/1.0/memberships.asp?typ=mg&id=2670",
    "https://www.lwl-pch.sitzung-online.de/oi/oparl/1.0/memberships.asp?typ=mg&id=2671",
    "https://www.lwl-pch.sitzung-online.de/oi/oparl/1.0/memberships.asp?typ=mg&id=2672",
    "https://www.lwl-pch.sitzung-online.de/oi/oparl/1.0/memberships.asp?typ=mg&id=2673",
    "https://www.lwl-pch.sitzung-online.de/oi/oparl/1.0/memberships.asp?typ=mg&id=2674",
    "https://www.lwl-pch.sitzung-online.de/oi/oparl/1.0/memberships.asp?typ=mg&id=2675",
    "https://www.lwl-pch.sitzung-online.de/oi/oparl/1.0/memberships.asp?typ=mg&id=2676",
    "https://www.lwl-pch.sitzung-online.de/oi/oparl/1.0/memberships.asp?typ=mg&id=2677",
    "https://www.lwl-pch.sitzung-online.de/oi/oparl/1.0/memberships.asp?typ=mg&id=2678",
    "https://www.lwl-pch.sitzung-online.de/oi/oparl/1.0/memberships.asp?typ=mg&id=2679",
    "https://www.lwl-pch.sitzung-online.de/oi/oparl/1.0/memberships.asp?typ=mg&id=2680",
    "https://www.lwl-pch.sitzung-online.de/oi/oparl/1.0/memberships.asp?typ=mg&id=2682",
    "https://www.lwl-pch.sitzung-online.de/oi/oparl/1.0/memberships.asp?typ=mg&id=2684",
    "https://www.lwl-pch.sitzung-online.de/oi/oparl/1.0/memberships.asp?typ=mg&id=2686",
    "https://www.lwl-pch.sitzung-online.de/oi/oparl/1.0/memberships.asp?typ=mg&id=2688",
    "https://www.lwl-pch.sitzung-online.de/oi/oparl/1.0/memberships.asp?typ=mg&id=2690",
    "https://www.lwl-pch.sitzung-online.de/oi/oparl/1.0/memberships.asp?typ=mg&id=2694",
    "https://www.lwl-pch.sitzung-online.de/oi/oparl/1.0/memberships.asp?typ=mg&id=2698",
    "https://www.lwl-pch.sitzung-online.de/oi/oparl/1.0/memberships.asp?typ=mg&id=2700",
    "https://www.lwl-pch.sitzung-online.de/oi/oparl/1.0/memberships.asp?typ=mg&id=2702",
    "https://www.lwl-pch.sitzung-online.de/oi/oparl/1.0/memberships.asp?typ=mg&id=2704",
    "https://www.lwl-pch.sitzung-online.de/oi/oparl/1.0/memberships.asp?typ=mg&id=2706",
    "https://www.lwl-pch.sitzung-online.de/oi/oparl/1.0/memberships.asp?typ=mg&id=2707",
    "https://www.lwl-pch.sitzung-online.de/oi/oparl/1.0/memberships.asp?typ=mg&id=2709",
    "https://www.lwl-pch.sitzung-online.de/oi/oparl/1.0/memberships.asp?typ=mg&id=2711",
    "https://www.lwl-pch.sitzung-online.de/oi/oparl/1.0/memberships.asp?typ=mg&id=2714",
    "https://www.lwl-pch.sitzung-online.de/oi/oparl/1.0/memberships.asp?typ=mg&id=2716",
    "https://www.lwl-pch.sitzung-online.de/oi/oparl/1.0/memberships.asp?typ=mg&id=2718",
    "https://www.lwl-pch.sitzung-online.de/oi/oparl/1.0/memberships.asp?typ=mg&id=2719",
    "https://www.lwl-pch.sitzung-online.de/oi/oparl/1.0/memberships.asp?typ=mg&id=2722",
    "https://www.lwl-pch.sitzung-online.de/oi/oparl/1.0/memberships.asp?typ=mg&id=2723",
    "https://www.lwl-pch.sitzung-online.de/oi/oparl/1.0/memberships.asp?typ=mg&id=2727",
    "https://www.lwl-pch.sitzung-online.de/oi/oparl/1.0/memberships.asp?typ=mg&id=2731",
    "https://www.lwl-pch.sitzung-online.de/oi/oparl/1.0/memberships.asp?typ=mg&id=2741",
    "https://www.lwl-pch.sitzung-online.de/oi/oparl/1.0/memberships.asp?typ=mg&id=2745",
    "https://www.lwl-pch.sitzung-online.de/oi/oparl/1.0/memberships.asp?typ=mg&id=2747",
    "https://www.lwl-pch.sitzung-online.de/oi/oparl/1.0/memberships.asp?typ=mg&id=2750",
    "https://www.lwl-pch.sitzung-online.de/oi/oparl/1.0/memberships.asp?typ=mg&id=2751",
    "https://www.lwl-pch.sitzung-online.de/oi/oparl/1.0/memberships.asp?typ=mg&id=2755",
    "https://www.lwl-pch.sitzung-online.de/oi/oparl/1.0/memberships.asp?typ=mg&id=2758",
    "https://www.lwl-pch.sitzung-online.de/oi/oparl/1.0/memberships.asp?typ=mg&id=2761",
    "https://www.lwl-pch.sitzung-online.de/oi/oparl/1.0/memberships.asp?typ=mg&id=2765",
    "https://www.lwl-pch.sitzung-online.de/oi/oparl/1.0/memberships.asp?typ=mg&id=2767",
    "https://www.lwl-pch.sitzung-online.de/oi/oparl/1.0/memberships.asp?typ=mg&id=2770",
    "https://www.lwl-pch.sitzung-online.de/oi/oparl/1.0/memberships.asp?typ=mg&id=2773",
    "https://www.lwl-pch.sitzung-online.de/oi/oparl/1.0/memberships.asp?typ=mg&id=2777",
    "https://www.lwl-pch.sitzung-online.de/oi/oparl/1.0/memberships.asp?typ=mg&id=2779",
    "https://www.lwl-pch.sitzung-online.de/oi/oparl/1.0/memberships.asp?typ=mg&id=2783",
    "https://www.lwl-pch.sitzung-online.de/oi/oparl/1.0/memberships.asp?typ=mg&id=2785",
    "https://www.lwl-pch.sitzung-online.de/oi/oparl/1.0/memberships.asp?typ=mg&id=2789",
    "https://www.lwl-pch.sitzung-online.de/oi/oparl/1.0/memberships.asp?typ=mg&id=2791",
    "https://www.lwl-pch.sitzung-online.de/oi/oparl/1.0/memberships.asp?typ=mg&id=2795",
    "https://www.lwl-pch.sitzung-online.de/oi/oparl/1.0/memberships.asp?typ=mg&id=2797",
    "https://www.lwl-pch.sitzung-online.de/oi/oparl/1.0/memberships.asp?typ=mg&id=2808",
    "https://www.lwl-pch.sitzung-online.de/oi/oparl/1.0/memberships.asp?typ=mg&id=2859",
    "https://www.lwl-pch.sitzung-online.de/oi/oparl/1.0/memberships.asp?typ=mg&id=2864",
    "https://www.lwl-pch.sitzung-online.de/oi/oparl/1.0/memberships.asp?typ=mg&id=2866",
    "https://www.lwl-pch.sitzung-online.de/oi/oparl/1.0/memberships.asp?typ=mg&id=2867",
    "https://www.lwl-pch.sitzung-online.de/oi/oparl/1.0/memberships.asp?typ=mg&id=2868",
    "https://www.lwl-pch.sitzung-online.de/oi/oparl/1.0/memberships.asp?typ=mg&id=2869",
    "https://www.lwl-pch.sitzung-online.de/oi/oparl/1.0/memberships.asp?typ=mg&id=2873",
    "https://www.lwl-pch.sitzung-online.de/oi/oparl/1.0/memberships.asp?typ=mg&id=2875",
    "https://www.lwl-pch.sitzung-online.de/oi/oparl/1.0/memberships.asp?typ=mg&id=2880",
    "https://www.lwl-pch.sitzung-online.de/oi/oparl/1.0/memberships.asp?typ=mg&id=2883",
    "https://www.lwl-pch.sitzung-online.de/oi/oparl/1.0/memberships.asp?typ=mg&id=2885",
    "https://www.lwl-pch.sitzung-online.de/oi/oparl/1.0/memberships.asp?typ=mg&id=2889",
    "https://www.lwl-pch.sitzung-online.de/oi/oparl/1.0/memberships.asp?typ=mg&id=2904",
    "https://www.lwl-pch.sitzung-online.de/oi/oparl/1.0/memberships.asp?typ=mg&id=3556",
    "https://www.lwl-pch.sitzung-online.de/oi/oparl/1.0/memberships.asp?typ=mg&id=3558",
    "https://www.lwl-pch.sitzung-online.de/oi/oparl/1.0/memberships.asp?typ=mg&id=3563",
    "https://www.lwl-pch.sitzung-online.de/oi/oparl/1.0/memberships.asp?typ=mg&id=3598",
    "https://www.lwl-pch.sitzung-online.de/oi/oparl/1.0/memberships.asp?typ=mg&id=3671",
    "https://www.lwl-pch.sitzung-online.de/oi/oparl/1.0/memberships.asp?typ=mg&id=3755",
    "https://www.lwl-pch.sitzung-online.de/oi/oparl/1.0/memberships.asp?typ=mg&id=3863",
    "https://www.lwl-pch.sitzung-online.de/oi/oparl/1.0/memberships.asp?typ=mg&id=3865",
    "https://www.lwl-pch.sitzung-online.de/oi/oparl/1.0/memberships.asp?typ=mg&id=3868",
    "https://www.lwl-pch.sitzung-online.de/oi/oparl/1.0/memberships.asp?typ=mg&id=3869",
    "https://www.lwl-pch.sitzung-online.de/oi/oparl/1.0/memberships.asp?typ=mg&id=3872",
    "https://www.lwl-pch.sitzung-online.de/oi/oparl/1.0/memberships.asp?typ=mg&id=3873",
    "https://www.lwl-pch.sitzung-online.de/oi/oparl/1.0/memberships.asp?typ=mg&id=3876",
    "https://www.lwl-pch.sitzung-online.de/oi/oparl/1.0/memberships.asp?typ=mg&id=3877",
    "https://www.lwl-pch.sitzung-online.de/oi/oparl/1.0/memberships.asp?typ=mg&id=3880",
    "https://www.lwl-pch.sitzung-online.de/oi/oparl/1.0/memberships.asp?typ=mg&id=3881",
    "https://www.lwl-pch.sitzung-online.de/oi/oparl/1.0/memberships.asp?typ=mg&id=3884",
    "https://www.lwl-pch.sitzung-online.de/oi/oparl/1.0/memberships.asp?typ=mg&id=3885",
    "https://www.lwl-pch.sitzung-online.de/oi/oparl/1.0/memberships.asp?typ=mg&id=3888",
    "https://www.lwl-pch.sitzung-online.de/oi/oparl/1.0/memberships.asp?typ=mg&id=3889",
    "https://www.lwl-pch.sitzung-online.de/oi/oparl/1.0/memberships.asp?typ=mg&id=3892",
    "https://www.lwl-pch.sitzung-online.de/oi/oparl/1.0/memberships.asp?typ=mg&id=3893",
    "https://www.lwl-pch.sitzung-online.de/oi/oparl/1.0/memberships.asp?typ=mg&id=3896",
    "https://www.lwl-pch.sitzung-online.de/oi/oparl/1.0/memberships.asp?typ=mg&id=3897",
    "https://www.lwl-pch.sitzung-online.de/oi/oparl/1.0/memberships.asp?typ=mg&id=3900",
    "https://www.lwl-pch.sitzung-online.de/oi/oparl/1.0/memberships.asp?typ=mg&id=3901",
    "https://www.lwl-pch.sitzung-online.de/oi/oparl/1.0/memberships.asp?typ=mg&id=3904",
    "https://www.lwl-pch.sitzung-online.de/oi/oparl/1.0/memberships.asp?typ=mg&id=3905",
    "https://www.lwl-pch.sitzung-online.de/oi/oparl/1.0/memberships.asp?typ=mg&id=3908",
    "https://www.lwl-pch.sitzung-online.de/oi/oparl/1.0/memberships.asp?typ=mg&id=3909",
    "https://www.lwl-pch.sitzung-online.de/oi/oparl/1.0/memberships.asp?typ=mg&id=3912",
    "https://www.lwl-pch.sitzung-online.de/oi/oparl/1.0/memberships.asp?typ=mg&id=3913",
    "https://www.lwl-pch.sitzung-online.de/oi/oparl/1.0/memberships.asp?typ=mg&id=3916",
    "https://www.lwl-pch.sitzung-online.de/oi/oparl/1.0/memberships.asp?typ=mg&id=3917",
    "https://www.lwl-pch.sitzung-online.de/oi/oparl/1.0/memberships.asp?typ=mg&id=3920",
    "https://www.lwl-pch.sitzung-online.de/oi/oparl/1.0/memberships.asp?typ=mg&id=3921",
    "https://www.lwl-pch.sitzung-online.de/oi/oparl/1.0/memberships.asp?typ=mg&id=3924",
    "https://www.lwl-pch.sitzung-online.de/oi/oparl/1.0/memberships.asp?typ=mg&id=3925",
    "https://www.lwl-pch.sitzung-online.de/oi/oparl/1.0/memberships.asp?typ=mg&id=3928",
    "https://www.lwl-pch.sitzung-online.de/oi/oparl/1.0/memberships.asp?typ=mg&id=3929",
    "https://www.lwl-pch.sitzung-online.de/oi/oparl/1.0/memberships.asp?typ=mg&id=3932",
    "https://www.lwl-pch.sitzung-online.de/oi/oparl/1.0/memberships.asp?typ=mg&id=3933",
    "https://www.lwl-pch.sitzung-online.de/oi/oparl/1.0/memberships.asp?typ=mg&id=3936",
    "https://www.lwl-pch.sitzung-online.de/oi/oparl/1.0/memberships.asp?typ=mg&id=3937",
    "https://www.lwl-pch.sitzung-online.de/oi/oparl/1.0/memberships.asp?typ=mg&id=3940",
    "https://www.lwl-pch.sitzung-online.de/oi/oparl/1.0/memberships.asp?typ=mg&id=3941",
    "https://www.lwl-pch.sitzung-online.de/oi/oparl/1.0/memberships.asp?typ=mg&id=3945",
    "https://www.lwl-pch.sitzung-online.de/oi/oparl/1.0/memberships.asp?typ=mg&id=3948",
    "https://www.lwl-pch.sitzung-online.de/oi/oparl/1.0/memberships.asp?typ=mg&id=3949",
    "https://www.lwl-pch.sitzung-online.de/oi/oparl/1.0/memberships.asp?typ=mg&id=3952",
    "https://www.lwl-pch.sitzung-online.de/oi/oparl/1.0/memberships.asp?typ=mg&id=3953",
    "https://www.lwl-pch.sitzung-online.de/oi/oparl/1.0/memberships.asp?typ=mg&id=3956",
    "https://www.lwl-pch.sitzung-online.de/oi/oparl/1.0/memberships.asp?typ=mg&id=3957",
    "https://www.lwl-pch.sitzung-online.de/oi/oparl/1.0/memberships.asp?typ=mg&id=3960",
    "https://www.lwl-pch.sitzung-online.de/oi/oparl/1.0/memberships.asp?typ=mg&id=3961",
    "https://www.lwl-pch.sitzung-online.de/oi/oparl/1.0/memberships.asp?typ=mg&id=3964",
    "https://www.lwl-pch.sitzung-online.de/oi/oparl/1.0/memberships.asp?typ=mg&id=3965",
    "https://www.lwl-pch.sitzung-online.de/oi/oparl/1.0/memberships.asp?typ=mg&id=3968",
    "https://www.lwl-pch.sitzung-online.de/oi/oparl/1.0/memberships.asp?typ=mg&id=3969",
    "https://www.lwl-pch.sitzung-online.de/oi/oparl/1.0/memberships.asp?typ=mg&id=3977",
    "https://www.lwl-pch.sitzung-online.de/oi/oparl/1.0/memberships.asp?typ=mg&id=3979",
    "https://www.lwl-pch.sitzung-online.de/oi/oparl/1.0/memberships.asp?typ=mg&id=3982",
    "https://www.lwl-pch.sitzung-online.de/oi/oparl/1.0/memberships.asp?typ=mg&id=3983",
    "https://www.lwl-pch.sitzung-online.de/oi/oparl/1.0/memberships.asp?typ=mg&id=3986",
    "https://www.lwl-pch.sitzung-online.de/oi/oparl/1.0/memberships.asp?typ=mg&id=3987",
    "https://www.lwl-pch.sitzung-online.de/oi/oparl/1.0/memberships.asp?typ=mg&id=3990",
    "https://www.lwl-pch.sitzung-online.de/oi/oparl/1.0/memberships.asp?typ=mg&id=3991",
    "https://www.lwl-pch.sitzung-online.de/oi/oparl/1.0/memberships.asp?typ=mg&id=3994",
    "https://www.lwl-pch.sitzung-online.de/oi/oparl/1.0/memberships.asp?typ=mg&id=3995",
    "https://www.lwl-pch.sitzung-online.de/oi/oparl/1.0/memberships.asp?typ=mg&id=3998",
    "https://www.lwl-pch.sitzung-online.de/oi/oparl/1.0/memberships.asp?typ=mg&id=3999",
    "https://www.lwl-pch.sitzung-online.de/oi/oparl/1.0/memberships.asp?typ=mg&id=4002",
    "https://www.lwl-pch.sitzung-online.de/oi/oparl/1.0/memberships.asp?typ=mg&id=4003",
    "https://www.lwl-pch.sitzung-online.de/oi/oparl/1.0/memberships.asp?typ=mg&id=4006",
    "https://www.lwl-pch.sitzung-online.de/oi/oparl/1.0/memberships.asp?typ=mg&id=4007",
    "https://www.lwl-pch.sitzung-online.de/oi/oparl/1.0/memberships.asp?typ=mg&id=4010",
    "https://www.lwl-pch.sitzung-online.de/oi/oparl/1.0/memberships.asp?typ=mg&id=4011",
    "https://www.lwl-pch.sitzung-online.de/oi/oparl/1.0/memberships.asp?typ=mg&id=4014",
    "https://www.lwl-pch.sitzung-online.de/oi/oparl/1.0/memberships.asp?typ=mg&id=4015",
    "https://www.lwl-pch.sitzung-online.de/oi/oparl/1.0/memberships.asp?typ=mg&id=4018",
    "https://www.lwl-pch.sitzung-online.de/oi/oparl/1.0/memberships.asp?typ=mg&id=4019",
    "https://www.lwl-pch.sitzung-online.de/oi/oparl/1.0/memberships.asp?typ=mg&id=4114",
    "https://www.lwl-pch.sitzung-online.de/oi/oparl/1.0/memberships.asp?typ=mg&id=4119",
    "https://www.lwl-pch.sitzung-online.de/oi/oparl/1.0/memberships.asp?typ=mg&id=4120",
    "https://www.lwl-pch.sitzung-online.de/oi/oparl/1.0/memberships.asp?typ=mg&id=4123",
    "https://www.lwl-pch.sitzung-online.de/oi/oparl/1.0/memberships.asp?typ=mg&id=4136",
    "https://www.lwl-pch.sitzung-online.de/oi/oparl/1.0/memberships.asp?typ=mg&id=4137",
    "https://www.lwl-pch.sitzung-online.de/oi/oparl/1.0/memberships.asp?typ=mg&id=4528",
    "https://www.lwl-pch.sitzung-online.de/oi/oparl/1.0/memberships.asp?typ=mg&id=4561",
    "https://www.lwl-pch.sitzung-online.de/oi/oparl/1.0/memberships.asp?typ=mg&id=4695",
    "https://www.lwl-pch.sitzung-online.de/oi/oparl/1.0/memberships.asp?typ=mg&id=4789",
    "https://www.lwl-pch.sitzung-online.de/oi/oparl/1.0/memberships.asp?typ=mg&id=4790",
    "https://www.lwl-pch.sitzung-online.de/oi/oparl/1.0/memberships.asp?typ=mg&id=4931",
    "https://www.lwl-pch.sitzung-online.de/oi/oparl/1.0/memberships.asp?typ=mg&id=4937",
    "https://www.lwl-pch.sitzung-online.de/oi/oparl/1.0/memberships.asp?typ=mg&id=5282",
    "https://www.lwl-pch.sitzung-online.de/oi/oparl/1.0/memberships.asp?typ=mg&id=5433",
    "https://www.lwl-pch.sitzung-online.de/oi/oparl/1.0/memberships.asp?typ=mg&id=5472",
    "https://www.lwl-pch.sitzung-online.de/oi/oparl/1.0/memberships.asp?typ=mg&id=5490",
    "https://www.lwl-pch.sitzung-online.de/oi/oparl/1.0/memberships.asp?typ=mg&id=5634",
    "https://www.lwl-pch.sitzung-online.de/oi/oparl/1.0/memberships.asp?typ=mg&id=5639",
    "https://www.lwl-pch.sitzung-online.de/oi/oparl/1.0/memberships.asp?typ=mg&id=5700",
    "https://www.lwl-pch.sitzung-online.de/oi/oparl/1.0/memberships.asp?typ=mg&id=5921",
    "https://www.lwl-pch.sitzung-online.de/oi/oparl/1.0/memberships.asp?typ=mg&id=5922",
    "https://www.lwl-pch.sitzung-online.de/oi/oparl/1.0/memberships.asp?typ=mg&id=5923",
    "https://www.lwl-pch.sitzung-online.de/oi/oparl/1.0/memberships.asp?typ=mg&id=5924",
    "https://www.lwl-pch.sitzung-online.de/oi/oparl/1.0/memberships.asp?typ=mg&id=5925",
    "https://www.lwl-pch.sitzung-online.de/oi/oparl/1.0/memberships.asp?typ=mg&id=5926",
    "https://www.lwl-pch.sitzung-online.de/oi/oparl/1.0/memberships.asp?typ=mg&id=5927",
    "https://www.lwl-pch.sitzung-online.de/oi/oparl/1.0/memberships.asp?typ=mg&id=5928",
    "https://www.lwl-pch.sitzung-online.de/oi/oparl/1.0/memberships.asp?typ=mg&id=5929",
    "https://www.lwl-pch.sitzung-online.de/oi/oparl/1.0/memberships.asp?typ=mg&id=5930",
    "https://www.lwl-pch.sitzung-online.de/oi/oparl/1.0/memberships.asp?typ=mg&id=5932",
    "https://www.lwl-pch.sitzung-online.de/oi/oparl/1.0/memberships.asp?typ=mg&id=5933",
    "https://www.lwl-pch.sitzung-online.de/oi/oparl/1.0/memberships.asp?typ=mg&id=5934",
    "https://www.lwl-pch.sitzung-online.de/oi/oparl/1.0/memberships.asp?typ=mg&id=5935",
    "https://www.lwl-pch.sitzung-online.de/oi/oparl/1.0/memberships.asp?typ=mg&id=5936",
    "https://www.lwl-pch.sitzung-online.de/oi/oparl/1.0/memberships.asp?typ=mg&id=5937",
    "https://www.lwl-pch.sitzung-online.de/oi/oparl/1.0/memberships.asp?typ=mg&id=5938",
    "https://www.lwl-pch.sitzung-online.de/oi/oparl/1.0/memberships.asp?typ=mg&id=5939",
    "https://www.lwl-pch.sitzung-online.de/oi/oparl/1.0/memberships.asp?typ=mg&id=5940",
    "https://www.lwl-pch.sitzung-online.de/oi/oparl/1.0/memberships.asp?typ=mg&id=5941",
    "https://www.lwl-pch.sitzung-online.de/oi/oparl/1.0/memberships.asp?typ=mg&id=5942",
    "https://www.lwl-pch.sitzung-online.de/oi/oparl/1.0/memberships.asp?typ=mg&id=5943",
    "https://www.lwl-pch.sitzung-online.de/oi/oparl/1.0/memberships.asp?typ=mg&id=5944",
    "https://www.lwl-pch.sitzung-online.de/oi/oparl/1.0/memberships.asp?typ=mg&id=5945",
    "https://www.lwl-pch.sitzung-online.de/oi/oparl/1.0/memberships.asp?typ=mg&id=5946",
    "https://www.lwl-pch.sitzung-online.de/oi/oparl/1.0/memberships.asp?typ=mg&id=5947",
    "https://www.lwl-pch.sitzung-online.de/oi/oparl/1.0/memberships.asp?typ=mg&id=5948",
    "https://www.lwl-pch.sitzung-online.de/oi/oparl/1.0/memberships.asp?typ=mg&id=5949",
    "https://www.lwl-pch.sitzung-online.de/oi/oparl/1.0/memberships.asp?typ=mg&id=5950",
    "https://www.lwl-pch.sitzung-online.de/oi/oparl/1.0/memberships.asp?typ=mg&id=5951",
    "https://www.lwl-pch.sitzung-online.de/oi/oparl/1.0/memberships.asp?typ=mg&id=5953",
    "https://www.lwl-pch.sitzung-online.de/oi/oparl/1.0/memberships.asp?typ=mg&id=5955",
    "https://www.lwl-pch.sitzung-online.de/oi/oparl/1.0/memberships.asp?typ=mg&id=5960",
    "https://www.lwl-pch.sitzung-online.de/oi/oparl/1.0/memberships.asp?typ=mg&id=5961",
    "https://www.lwl-pch.sitzung-online.de/oi/oparl/1.0/memberships.asp?typ=mg&id=5962",
    "https://www.lwl-pch.sitzung-online.de/oi/oparl/1.0/memberships.asp?typ=mg&id=5965",
    "https://www.lwl-pch.sitzung-online.de/oi/oparl/1.0/memberships.asp?typ=mg&id=5966",
    "https://www.lwl-pch.sitzung-online.de/oi/oparl/1.0/memberships.asp?typ=mg&id=5967",
    "https://www.lwl-pch.sitzung-online.de/oi/oparl/1.0/memberships.asp?typ=mg&id=5969",
    "https://www.lwl-pch.sitzung-online.de/oi/oparl/1.0/memberships.asp?typ=mg&id=5970",
    "https://www.lwl-pch.sitzung-online.de/oi/oparl/1.0/memberships.asp?typ=mg&id=5971",
    "https://www.lwl-pch.sitzung-online.de/oi/oparl/1.0/memberships.asp?typ=mg&id=5972",
    "https://www.lwl-pch.sitzung-online.de/oi/oparl/1.0/memberships.asp?typ=mg&id=5973",
    "https://www.lwl-pch.sitzung-online.de/oi/oparl/1.0/memberships.asp?typ=mg&id=5974",
    "https://www.lwl-pch.sitzung-online.de/oi/oparl/1.0/memberships.asp?typ=mg&id=6016",
    "https://www.lwl-pch.sitzung-online.de/oi/oparl/1.0/memberships.asp?typ=mg&id=6017",
    "https://www.lwl-pch.sitzung-online.de/oi/oparl/1.0/memberships.asp?typ=mg&id=6495",
    "https://www.lwl-pch.sitzung-online.de/oi/oparl/1.0/memberships.asp?typ=mg&id=6571",
    "https://www.lwl-pch.sitzung-online.de/oi/oparl/1.0/memberships.asp?typ=mg&id=6572",
    "https://www.lwl-pch.sitzung-online.de/oi/oparl/1.0/memberships.asp?typ=mg&id=6573",
    "https://www.lwl-pch.sitzung-online.de/oi/oparl/1.0/memberships.asp?typ=mg&id=6574",
    "https://www.lwl-pch.sitzung-online.de/oi/oparl/1.0/memberships.asp?typ=mg&id=6575",
    "https://www.lwl-pch.sitzung-online.de/oi/oparl/1.0/memberships.asp?typ=mg&id=6576",
    "https://www.lwl-pch.sitzung-online.de/oi/oparl/1.0/memberships.asp?typ=mg&id=6577",
    "https://www.lwl-pch.sitzung-online.de/oi/oparl/1.0/memberships.asp?typ=mg&id=6578",
    "https://www.lwl-pch.sitzung-online.de/oi/oparl/1.0/memberships.asp?typ=mg&id=6579",
    "https://www.lwl-pch.sitzung-online.de/oi/oparl/1.0/memberships.asp?typ=mg&id=6580",
    "https://www.lwl-pch.sitzung-online.de/oi/oparl/1.0/memberships.asp?typ=mg&id=6581",
    "https://www.lwl-pch.sitzung-online.de/oi/oparl/1.0/memberships.asp?typ=mg&id=6582",
    "https://www.lwl-pch.sitzung-online.de/oi/oparl/1.0/memberships.asp?typ=mg&id=6882",
    "https://www.lwl-pch.sitzung-online.de/oi/oparl/1.0/memberships.asp?typ=mg&id=7090",
    "https://www.lwl-pch.sitzung-online.de/oi/oparl/1.0/memberships.asp?typ=mg&id=7571",
    "https://www.lwl-pch.sitzung-online.de/oi/oparl/1.0/memberships.asp?typ=mg&id=7635",
  ],
  "modified": 2021-03-09T14:25:49.000Z,
  "name": "Kreistag Ludwigslust-Parchim",
  "organizationType": "Gremium",
  "post": Array [],
  "shortName": "KT",
  "startDate": 2011-09-13T00:00:00.000Z,
  "type": "https://schema.oparl.org/1.0/Organization",
}
`;
